Archive member included because of file (symbol)

/usr/local/bin/../lib/gcc/arm-none-eabi/4.9.3/../../../../arm-none-eabi/lib/armv7e-m/softfp/libg.a(lib_a-ctype_.o)
                              parser.o (__ctype_ptr__)
/usr/local/bin/../lib/gcc/arm-none-eabi/4.9.3/../../../../arm-none-eabi/lib/armv7e-m/softfp/libg.a(lib_a-errno.o)
                              syscall.o (__errno)
/usr/local/bin/../lib/gcc/arm-none-eabi/4.9.3/../../../../arm-none-eabi/lib/armv7e-m/softfp/libg.a(lib_a-exit.o)
                              /usr/local/bin/../lib/gcc/arm-none-eabi/4.9.3/../../../../arm-none-eabi/lib/armv7e-m/softfp/crt0.o (exit)
/usr/local/bin/../lib/gcc/arm-none-eabi/4.9.3/../../../../arm-none-eabi/lib/armv7e-m/softfp/libg.a(lib_a-impure.o)
                              /usr/local/bin/../lib/gcc/arm-none-eabi/4.9.3/../../../../arm-none-eabi/lib/armv7e-m/softfp/libg.a(lib_a-exit.o) (_global_impure_ptr)
/usr/local/bin/../lib/gcc/arm-none-eabi/4.9.3/../../../../arm-none-eabi/lib/armv7e-m/softfp/libg.a(lib_a-init.o)
                              /usr/local/bin/../lib/gcc/arm-none-eabi/4.9.3/../../../../arm-none-eabi/lib/armv7e-m/softfp/crt0.o (__libc_init_array)
/usr/local/bin/../lib/gcc/arm-none-eabi/4.9.3/../../../../arm-none-eabi/lib/armv7e-m/softfp/libg.a(lib_a-memset.o)
                              /usr/local/bin/../lib/gcc/arm-none-eabi/4.9.3/../../../../arm-none-eabi/lib/armv7e-m/softfp/crt0.o (memset)
/usr/local/bin/../lib/gcc/arm-none-eabi/4.9.3/../../../../arm-none-eabi/lib/armv7e-m/softfp/libg.a(lib_a-putchar.o)
                              parser.o (putchar)
/usr/local/bin/../lib/gcc/arm-none-eabi/4.9.3/../../../../arm-none-eabi/lib/armv7e-m/softfp/libg.a(lib_a-puts.o)
                              main.o (puts)
/usr/local/bin/../lib/gcc/arm-none-eabi/4.9.3/../../../../arm-none-eabi/lib/armv7e-m/softfp/libg.a(lib_a-setvbuf.o)
                              terminal.o (setvbuf)
/usr/local/bin/../lib/gcc/arm-none-eabi/4.9.3/../../../../arm-none-eabi/lib/armv7e-m/softfp/libg.a(lib_a-strcasecmp.o)
                              parser.o (strcasecmp)
/usr/local/bin/../lib/gcc/arm-none-eabi/4.9.3/../../../../arm-none-eabi/lib/armv7e-m/softfp/libg.a(lib_a-strcpy.o)
                              parser.o (strcpy)
/usr/local/bin/../lib/gcc/arm-none-eabi/4.9.3/../../../../arm-none-eabi/lib/armv7e-m/softfp/libg.a(lib_a-strlen.o)
                              parser.o (strlen)
/usr/local/bin/../lib/gcc/arm-none-eabi/4.9.3/../../../../arm-none-eabi/lib/armv7e-m/softfp/libg.a(lib_a-strtok.o)
                              parser.o (strtok)
/usr/local/bin/../lib/gcc/arm-none-eabi/4.9.3/../../../../arm-none-eabi/lib/armv7e-m/softfp/libg.a(lib_a-strtok_r.o)
                              /usr/local/bin/../lib/gcc/arm-none-eabi/4.9.3/../../../../arm-none-eabi/lib/armv7e-m/softfp/libg.a(lib_a-strtok.o) (__strtok_r)
/usr/local/bin/../lib/gcc/arm-none-eabi/4.9.3/../../../../arm-none-eabi/lib/armv7e-m/softfp/libg.a(lib_a-strtol.o)
                              parser.o (strtol)
/usr/local/bin/../lib/gcc/arm-none-eabi/4.9.3/../../../../arm-none-eabi/lib/armv7e-m/softfp/libg.a(lib_a-strtoul.o)
                              parser.o (strtoul)
/usr/local/bin/../lib/gcc/arm-none-eabi/4.9.3/../../../../arm-none-eabi/lib/armv7e-m/softfp/libg.a(lib_a-__call_atexit.o)
                              /usr/local/bin/../lib/gcc/arm-none-eabi/4.9.3/../../../../arm-none-eabi/lib/armv7e-m/softfp/libg.a(lib_a-exit.o) (__call_exitprocs)
/usr/local/bin/../lib/gcc/arm-none-eabi/4.9.3/../../../../arm-none-eabi/lib/armv7e-m/softfp/libg.a(lib_a-atexit.o)
                              /usr/local/bin/../lib/gcc/arm-none-eabi/4.9.3/../../../../arm-none-eabi/lib/armv7e-m/softfp/libg.a(lib_a-__call_atexit.o) (atexit)
/usr/local/bin/../lib/gcc/arm-none-eabi/4.9.3/../../../../arm-none-eabi/lib/armv7e-m/softfp/libg.a(lib_a-fflush.o)
                              /usr/local/bin/../lib/gcc/arm-none-eabi/4.9.3/../../../../arm-none-eabi/lib/armv7e-m/softfp/libg.a(lib_a-setvbuf.o) (_fflush_r)
/usr/local/bin/../lib/gcc/arm-none-eabi/4.9.3/../../../../arm-none-eabi/lib/armv7e-m/softfp/libg.a(lib_a-findfp.o)
                              /usr/local/bin/../lib/gcc/arm-none-eabi/4.9.3/../../../../arm-none-eabi/lib/armv7e-m/softfp/libg.a(lib_a-setvbuf.o) (_cleanup_r)
/usr/local/bin/../lib/gcc/arm-none-eabi/4.9.3/../../../../arm-none-eabi/lib/armv7e-m/softfp/libg.a(lib_a-fini.o)
                              /usr/local/bin/../lib/gcc/arm-none-eabi/4.9.3/../../../../arm-none-eabi/lib/armv7e-m/softfp/libg.a(lib_a-__call_atexit.o) (__libc_fini_array)
/usr/local/bin/../lib/gcc/arm-none-eabi/4.9.3/../../../../arm-none-eabi/lib/armv7e-m/softfp/libg.a(lib_a-freer.o)
                              /usr/local/bin/../lib/gcc/arm-none-eabi/4.9.3/../../../../arm-none-eabi/lib/armv7e-m/softfp/libg.a(lib_a-setvbuf.o) (_free_r)
/usr/local/bin/../lib/gcc/arm-none-eabi/4.9.3/../../../../arm-none-eabi/lib/armv7e-m/softfp/libg.a(lib_a-fvwrite.o)
[...]
Memory Configuration

Name             Origin             Length             Attributes
FLASH            0x0000000008000000 0x0000000000040000 xr
RAM              0x0000000020000000 0x000000000000a000 xrw
CCMRAM           0x0000000010000000 0x0000000000002000 rw
*default*        0x0000000000000000 0xffffffffffffffff

Linker script and memory map

LOAD /usr/local/bin/../lib/gcc/arm-none-eabi/4.9.3/armv7e-m/softfp/crti.o
LOAD /usr/local/bin/../lib/gcc/arm-none-eabi/4.9.3/armv7e-m/softfp/crtbegin.o
LOAD /usr/local/bin/../lib/gcc/arm-none-eabi/4.9.3/../../../../arm-none-eabi/lib/armv7e-m/softfp/crt0.o
LOAD main.o
LOAD simpletask.o
LOAD monitor.o
LOAD uart.o
LOAD parser.o
LOAD dump.o
LOAD syscall.o
LOAD terminal.o
LOAD decoder/decoder.o
LOAD decoder/STM32F30x_decoder.o
LOAD printf_stdarg.o
LOAD mytest.o
LOAD mycode.o
LOAD Drivers/CMSIS/Device/ST/STM32F3xx/Source/Templates/system_stm32f3xx.o
LOAD Drivers/STM32F3xx_HAL_Driver/Src/stm32f3xx_hal_rcc.o
LOAD Drivers/STM32F3xx_HAL_Driver/Src/stm32f3xx_hal.o
LOAD Drivers/STM32F3xx_HAL_Driver/Src/stm32f3xx_hal_cortex.o
LOAD Drivers/STM32F3xx_HAL_Driver/Src/stm32f3xx_hal_uart.o
LOAD Drivers/STM32F3xx_HAL_Driver/Src/stm32f3xx_hal_gpio.o
LOAD Drivers/STM32F3xx_HAL_Driver/Src/stm32f3xx_hal_pcd.o
LOAD Drivers/STM32F3xx_HAL_Driver/Src/stm32f3xx_hal_pcd_ex.o
LOAD Drivers/STM32F3xx_HAL_Driver/Src/stm32f3xx_hal_i2c.o
LOAD Drivers/STM32F3xx_HAL_Driver/Src/stm32f3xx_hal_spi.o
LOAD Drivers/STM32_USB_Device_Library/Core/Src/usbd_core.o
LOAD Drivers/STM32_USB_Device_Library/Core/Src/usbd_ctlreq.o
LOAD Drivers/STM32_USB_Device_Library/Core/Src/usbd_ioreq.o
LOAD Drivers/STM32_USB_Device_Library/Class/CDC/Src/usbd_cdc.o
LOAD usbd_conf.o
LOAD usbd_desc.o
LOAD usbd_cdc_interface.o
LOAD Drivers/BSP/STM32F3-Discovery/stm32f3_discovery.o
LOAD Drivers/BSP/STM32F3-Discovery/stm32f3_discovery_accelerometer.o
LOAD Drivers/BSP/STM32F3-Discovery/stm32f3_discovery_gyroscope.o
LOAD Drivers/BSP/Components/lsm303dlhc/lsm303dlhc.o
LOAD Drivers/BSP/Components/l3gd20/l3gd20.o
LOAD Drivers/CMSIS/Device/ST/STM32F3xx/Source/Templates/gcc/startup_stm32f303xc.o
START GROUP
LOAD /usr/local/bin/../lib/gcc/arm-none-eabi/4.9.3/armv7e-m/softfp/libgcc.a
LOAD /usr/local/bin/../lib/gcc/arm-none-eabi/4.9.3/../../../../arm-none-eabi/lib/armv7e-m/softfp/libg.a
LOAD /usr/local/bin/../lib/gcc/arm-none-eabi/4.9.3/../../../../arm-none-eabi/lib/armv7e-m/softfp/libc.a
END GROUP
LOAD /usr/local/bin/../lib/gcc/arm-none-eabi/4.9.3/armv7e-m/softfp/crtend.o
LOAD /usr/local/bin/../lib/gcc/arm-none-eabi/4.9.3/armv7e-m/softfp/crtn.o
                0x0000000020007fff                _estack = 0x20007fff
                0x0000000000000200                _Min_Heap_Size = 0x200
                0x0000000000000400                _Min_Stack_Size = 0x400

.isr_vector     0x0000000008000000      0x188
                0x0000000008000000                . = ALIGN (0x4)
 *(.isr_vector)
 .isr_vector    0x0000000008000000      0x188 Drivers/CMSIS/Device/ST/STM32F3xx/Source/Templates/gcc/startup_stm32f303xc.o
                0x0000000008000000                g_pfnVectors
                0x0000000008000188                . = ALIGN (0x4)

.text           0x0000000008000188     0x6a34
                0x0000000008000188                . = ALIGN (0x4)
 *(.text)
 .text          0x0000000008000188       0x5c /usr/local/bin/../lib/gcc/arm-none-eabi/4.9.3/armv7e-m/softfp/crtbegin.o
 .text          0x00000000080001e4       0x3c mycode.o
                0x00000000080001e4                mytest
                0x00000000080001fc                my_Tick
                0x0000000008000210                my_Loop
                0x0000000008000214                my_Init
 .text          0x0000000008000220      0x134 /usr/local/bin/../lib/gcc/arm-none-eabi/4.9.3/../../../../arm-none-eabi/lib/armv7e-m/softfp/libg.a(lib_a-memcpy.o)
                0x0000000008000220                memcpy
 *(.text*)
 .text.CmdLED   0x0000000008000354       0x5c main.o
                0x0000000008000354                CmdLED
 .text.CmdAccel
                0x00000000080003b0       0x28 main.o
                0x00000000080003b0                CmdAccel
 .text.CmdGyro  0x00000000080003d8       0x54 main.o
                0x00000000080003d8                CmdGyro
 .text.CmdButton
                0x000000000800042c       0x2c main.o
                0x000000000800042c                CmdButton
 .text.Error_Handler
                0x0000000008000458       0x12 main.o
                0x0000000008000458                Error_Handler
 *fill*         0x000000000800046a        0x2 
 .text.startup.main
                0x000000000800046c       0x90 main.o
                0x000000000800046c                main
 .text.SysTick_Handler
                0x00000000080004fc        0x4 main.o
                0x00000000080004fc                SysTick_Handler
 .text.CmdCount
                0x0000000008000500       0x2c simpletask.o
                0x0000000008000500                CmdCount
 .text.TaskCounter
                0x000000000800052c       0x20 simpletask.o
                0x000000000800052c                TaskCounter
 .text.CmdW     0x000000000800054c       0x1c monitor.o
                0x000000000800054c                CmdW
 .text.CmdR     0x0000000008000568       0x20 monitor.o
                0x0000000008000568                CmdR
 .text.parse    0x0000000008000588      0x104 parser.o
                0x0000000008000588                parse
 .text.TaskInput
                0x000000000800068c      0x12c parser.o
                0x000000000800068c                TaskInput
 .text.fetch_uint32_arg
                0x00000000080007b8       0x28 parser.o
                0x00000000080007b8                fetch_uint32_arg
 .text.fetch_string_arg
                0x00000000080007e0       0x20 parser.o
                0x00000000080007e0                fetch_string_arg
 .text.DumpBuffer
                0x0000000008000800       0xb4 dump.o
                0x0000000008000800                DumpBuffer
 .text.CmdDump  0x00000000080008b4       0x54 dump.o
                0x00000000080008b4                CmdDump
 .text._sbrk_r  0x0000000008000908       0x34 syscall.o
                0x0000000008000908                _sbrk_r
 .text._close_r
                0x000000000800093c        0x6 syscall.o
                0x000000000800093c                _close_r
 .text._fstat_r
                0x0000000008000942        0xa syscall.o
                0x0000000008000942                _fstat_r
 .text._isatty_r
                0x000000000800094c        0x4 syscall.o
                0x000000000800094c                _isatty_r
 .text._lseek_r
                0x0000000008000950        0x4 syscall.o
                0x0000000008000950                _lseek_r
 .text.USBD_CDC_DataIn
                0x0000000008000954       0x80 terminal.o
 .text.CmdStats
                0x00000000080009d4       0x54 terminal.o
                0x00000000080009d4                CmdStats
 .text.TerminalInit
                0x0000000008000a28       0x7c terminal.o
                0x0000000008000a28                TerminalInit
 .text.TerminalRead
                0x0000000008000aa4       0x4c terminal.o
                0x0000000008000aa4                TerminalRead
 .text._read_r  0x0000000008000af0        0xa terminal.o
                0x0000000008000af0                _read_r
 .text.TerminalReadNonBlock
                0x0000000008000afa       0x10 terminal.o
                0x0000000008000afa                TerminalReadNonBlock
 .text.TerminalReadAnyNonBlock
                0x0000000008000b0a       0x12 terminal.o
                0x0000000008000b0a                TerminalReadAnyNonBlock
 .text.TerminalOutputBufferWrite
                0x0000000008000b1c       0xe8 terminal.o
                0x0000000008000b1c                TerminalOutputBufferWrite
 .text._write_r
                0x0000000008000c04       0x38 terminal.o
                0x0000000008000c04                _write_r
 .text.TerminalInputBufferWrite
                0x0000000008000c3c       0x70 terminal.o
                0x0000000008000c3c                TerminalInputBufferWrite
 .text.USB_LP_CAN_RX0_IRQHandler
                0x0000000008000cac        0xc terminal.o
                0x0000000008000cac                USB_LP_CAN_RX0_IRQHandler
 .text.DecodeReadRegister
                0x0000000008000cb8       0x40 decoder/decoder.o
                0x0000000008000cb8                DecodeReadRegister
 .text.DecodeWriteRegister
                0x0000000008000cf8       0x3c decoder/decoder.o
                0x0000000008000cf8                DecodeWriteRegister
 .text.DecodeField
                0x0000000008000d34       0x40 decoder/decoder.o
                0x0000000008000d34                DecodeField
 .text.DecodeRegister
                0x0000000008000d74       0x4c decoder/decoder.o
                0x0000000008000d74                DecodeRegister
 .text.DecodePeripheral
                0x0000000008000dc0       0x3c decoder/decoder.o
                0x0000000008000dc0                DecodePeripheral
 .text.DecodePrintPeripherals
                0x0000000008000dfc       0x44 decoder/decoder.o
                0x0000000008000dfc                DecodePrintPeripherals
 .text.DecodePrintRegisters
                0x0000000008000e40       0x48 decoder/decoder.o
                0x0000000008000e40                DecodePrintRegisters
 .text.CmdDecode
                0x0000000008000e88      0x1e4 decoder/decoder.o
                0x0000000008000e88                CmdDecode
 .text.printchar
                0x000000000800106c       0x28 printf_stdarg.o
 .text.prints   0x0000000008001094       0x86 printf_stdarg.o
 .text.printi   0x000000000800111a       0xa6 printf_stdarg.o
 .text.print    0x00000000080011c0      0x120 printf_stdarg.o
 .text.printf   0x00000000080012e0       0x1c printf_stdarg.o
                0x00000000080012e0                printf
 .text.CmdTest  0x00000000080012fc       0x30 mytest.o
                0x00000000080012fc                CmdTest
 .text.SystemInit
                0x000000000800132c       0x68 Drivers/CMSIS/Device/ST/STM32F3xx/Source/Templates/system_stm32f3xx.o
                0x000000000800132c                SystemInit
 .text.HAL_RCC_OscConfig
                0x0000000008001394      0x5d4 Drivers/STM32F3xx_HAL_Driver/Src/stm32f3xx_hal_rcc.o
                0x0000000008001394                HAL_RCC_OscConfig
 .text.HAL_RCC_ClockConfig
                0x0000000008001968      0x2cc Drivers/STM32F3xx_HAL_Driver/Src/stm32f3xx_hal_rcc.o
                0x0000000008001968                HAL_RCC_ClockConfig
 .text.HAL_RCC_GetSysClockFreq
                0x0000000008001c34       0x6c Drivers/STM32F3xx_HAL_Driver/Src/stm32f3xx_hal_rcc.o
                0x0000000008001c34                HAL_RCC_GetSysClockFreq
 .text.HAL_RCC_GetHCLKFreq
                0x0000000008001ca0       0x38 Drivers/STM32F3xx_HAL_Driver/Src/stm32f3xx_hal_rcc.o
                0x0000000008001ca0                HAL_RCC_GetHCLKFreq
 .text.HAL_MspInit
                0x0000000008001cd8        0x2 Drivers/STM32F3xx_HAL_Driver/Src/stm32f3xx_hal.o
                0x0000000008001cd8                HAL_MspInit
 .text.HAL_InitTick
                0x0000000008001cda       0x24 Drivers/STM32F3xx_HAL_Driver/Src/stm32f3xx_hal.o
                0x0000000008001cda                HAL_InitTick
 *fill*         0x0000000008001cfe        0x2 
 .text.HAL_Init
                0x0000000008001d00       0x24 Drivers/STM32F3xx_HAL_Driver/Src/stm32f3xx_hal.o
                0x0000000008001d00                HAL_Init
 .text.HAL_IncTick
                0x0000000008001d24       0x10 Drivers/STM32F3xx_HAL_Driver/Src/stm32f3xx_hal.o
                0x0000000008001d24                HAL_IncTick
 .text.HAL_GetTick
                0x0000000008001d34        0xc Drivers/STM32F3xx_HAL_Driver/Src/stm32f3xx_hal.o
                0x0000000008001d34                HAL_GetTick
 .text.HAL_Delay
                0x0000000008001d40       0x1a Drivers/STM32F3xx_HAL_Driver/Src/stm32f3xx_hal.o
                0x0000000008001d40                HAL_Delay
 *fill*         0x0000000008001d5a        0x2 
 .text.HAL_NVIC_SetPriorityGrouping
                0x0000000008001d5c       0x24 Drivers/STM32F3xx_HAL_Driver/Src/stm32f3xx_hal_cortex.o
                0x0000000008001d5c                HAL_NVIC_SetPriorityGrouping
 .text.HAL_NVIC_SetPriority
                0x0000000008001d80       0x60 Drivers/STM32F3xx_HAL_Driver/Src/stm32f3xx_hal_cortex.o
                0x0000000008001d80                HAL_NVIC_SetPriority
 .text.HAL_NVIC_EnableIRQ
                0x0000000008001de0       0x18 Drivers/STM32F3xx_HAL_Driver/Src/stm32f3xx_hal_cortex.o
                0x0000000008001de0                HAL_NVIC_EnableIRQ
 .text.HAL_SYSTICK_Config
                0x0000000008001df8       0x2c Drivers/STM32F3xx_HAL_Driver/Src/stm32f3xx_hal_cortex.o
                0x0000000008001df8                HAL_SYSTICK_Config
 .text.HAL_GPIO_Init
                0x0000000008001e24      0x188 Drivers/STM32F3xx_HAL_Driver/Src/stm32f3xx_hal_gpio.o
                0x0000000008001e24                HAL_GPIO_Init
 .text.HAL_GPIO_ReadPin
                0x0000000008001fac        0xc Drivers/STM32F3xx_HAL_Driver/Src/stm32f3xx_hal_gpio.o
                0x0000000008001fac                HAL_GPIO_ReadPin
 .text.HAL_GPIO_WritePin
                0x0000000008001fb8        0xa Drivers/STM32F3xx_HAL_Driver/Src/stm32f3xx_hal_gpio.o
                0x0000000008001fb8                HAL_GPIO_WritePin
 .text.HAL_GPIO_TogglePin
                0x0000000008001fc2        0x8 Drivers/STM32F3xx_HAL_Driver/Src/stm32f3xx_hal_gpio.o
                0x0000000008001fc2                HAL_GPIO_TogglePin
 .text.HAL_PCD_Init
                0x0000000008001fca       0x9a Drivers/STM32F3xx_HAL_Driver/Src/stm32f3xx_hal_pcd.o
                0x0000000008001fca                HAL_PCD_Init
 .text.HAL_PCD_Start
                0x0000000008002064        0xc Drivers/STM32F3xx_HAL_Driver/Src/stm32f3xx_hal_pcd.o
                0x0000000008002064                HAL_PCD_Start
 .text.HAL_PCD_SetAddress
                0x0000000008002070       0x2c Drivers/STM32F3xx_HAL_Driver/Src/stm32f3xx_hal_pcd.o
                0x0000000008002070                HAL_PCD_SetAddress
 .text.HAL_PCD_EP_Open
                0x000000000800209c      0x338 Drivers/STM32F3xx_HAL_Driver/Src/stm32f3xx_hal_pcd.o
                0x000000000800209c                HAL_PCD_EP_Open
 .text.HAL_PCD_EP_Close
                0x00000000080023d4      0x1b0 Drivers/STM32F3xx_HAL_Driver/Src/stm32f3xx_hal_pcd.o
                0x00000000080023d4                HAL_PCD_EP_Close
 .text.HAL_PCD_EP_Receive
                0x0000000008002584       0xf4 Drivers/STM32F3xx_HAL_Driver/Src/stm32f3xx_hal_pcd.o
                0x0000000008002584                HAL_PCD_EP_Receive
 .text.HAL_PCD_EP_GetRxCount
                0x0000000008002678       0x10 Drivers/STM32F3xx_HAL_Driver/Src/stm32f3xx_hal_pcd.o
                0x0000000008002678                HAL_PCD_EP_GetRxCount
 .text.HAL_PCD_EP_Transmit
                0x0000000008002688      0x182 Drivers/STM32F3xx_HAL_Driver/Src/stm32f3xx_hal_pcd.o
                0x0000000008002688                HAL_PCD_EP_Transmit
 .text.HAL_PCD_IRQHandler
                0x000000000800280a      0x4a6 Drivers/STM32F3xx_HAL_Driver/Src/stm32f3xx_hal_pcd.o
                0x000000000800280a                HAL_PCD_IRQHandler
 .text.HAL_PCD_EP_SetStall
                0x0000000008002cb0       0xa2 Drivers/STM32F3xx_HAL_Driver/Src/stm32f3xx_hal_pcd.o
                0x0000000008002cb0                HAL_PCD_EP_SetStall
 .text.HAL_PCD_EP_ClrStall
                0x0000000008002d52       0xc8 Drivers/STM32F3xx_HAL_Driver/Src/stm32f3xx_hal_pcd.o
                0x0000000008002d52                HAL_PCD_EP_ClrStall
 .text.HAL_PCDEx_PMAConfig
                0x0000000008002e1a       0x34 Drivers/STM32F3xx_HAL_Driver/Src/stm32f3xx_hal_pcd_ex.o
                0x0000000008002e1a                HAL_PCDEx_PMAConfig
 .text.PCD_WritePMA
                0x0000000008002e4e       0x2e Drivers/STM32F3xx_HAL_Driver/Src/stm32f3xx_hal_pcd_ex.o
                0x0000000008002e4e                PCD_WritePMA
 .text.PCD_ReadPMA
                0x0000000008002e7c       0x22 Drivers/STM32F3xx_HAL_Driver/Src/stm32f3xx_hal_pcd_ex.o
                0x0000000008002e7c                PCD_ReadPMA
 .text.HAL_PCDEx_SetConnectionState
                0x0000000008002e9e        0x2 Drivers/STM32F3xx_HAL_Driver/Src/stm32f3xx_hal_pcd_ex.o
                0x0000000008002e9e                HAL_PCDEx_SetConnectionState
 .text.I2C_TransferConfig
                0x0000000008002ea0       0x2a Drivers/STM32F3xx_HAL_Driver/Src/stm32f3xx_hal_i2c.o
 *fill*         0x0000000008002eca        0x2 
 .text.I2C_IsAcknowledgeFailed
                0x0000000008002ecc       0x90 Drivers/STM32F3xx_HAL_Driver/Src/stm32f3xx_hal_i2c.o
 .text.I2C_WaitOnFlagUntilTimeout
                0x0000000008002f5c       0x68 Drivers/STM32F3xx_HAL_Driver/Src/stm32f3xx_hal_i2c.o
 .text.I2C_WaitOnTXISFlagUntilTimeout
                0x0000000008002fc4       0x54 Drivers/STM32F3xx_HAL_Driver/Src/stm32f3xx_hal_i2c.o
 .text.I2C_RequestMemoryWrite
                0x0000000008003018       0x64 Drivers/STM32F3xx_HAL_Driver/Src/stm32f3xx_hal_i2c.o
 .text.I2C_RequestMemoryRead
                0x000000000800307c       0x62 Drivers/STM32F3xx_HAL_Driver/Src/stm32f3xx_hal_i2c.o
 .text.I2C_WaitOnSTOPFlagUntilTimeout
                0x00000000080030de       0x50 Drivers/STM32F3xx_HAL_Driver/Src/stm32f3xx_hal_i2c.o
 .text.HAL_I2C_MspInit
                0x000000000800312e        0x2 Drivers/STM32F3xx_HAL_Driver/Src/stm32f3xx_hal_i2c.o
                0x000000000800312e                HAL_I2C_MspInit
 .text.HAL_I2C_Init
                0x0000000008003130       0x90 Drivers/STM32F3xx_HAL_Driver/Src/stm32f3xx_hal_i2c.o
                0x0000000008003130                HAL_I2C_Init
 .text.HAL_I2C_MspDeInit
                0x00000000080031c0        0x2 Drivers/STM32F3xx_HAL_Driver/Src/stm32f3xx_hal_i2c.o
                0x00000000080031c0                HAL_I2C_MspDeInit
 .text.HAL_I2C_DeInit
                0x00000000080031c2       0x2e Drivers/STM32F3xx_HAL_Driver/Src/stm32f3xx_hal_i2c.o
                0x00000000080031c2                HAL_I2C_DeInit
 .text.HAL_I2C_Mem_Write
                0x00000000080031f0       0xf8 Drivers/STM32F3xx_HAL_Driver/Src/stm32f3xx_hal_i2c.o
                0x00000000080031f0                HAL_I2C_Mem_Write
 .text.HAL_I2C_Mem_Read
                0x00000000080032e8      0x104 Drivers/STM32F3xx_HAL_Driver/Src/stm32f3xx_hal_i2c.o
                0x00000000080032e8                HAL_I2C_Mem_Read
 .text.HAL_I2C_GetState
                0x00000000080033ec        0x6 Drivers/STM32F3xx_HAL_Driver/Src/stm32f3xx_hal_i2c.o
                0x00000000080033ec                HAL_I2C_GetState
 .text.SPI_WaitFlagStateUntilTimeout
                0x00000000080033f2       0x8c Drivers/STM32F3xx_HAL_Driver/Src/stm32f3xx_hal_spi.o
 .text.SPI_WaitFifoStateUntilTimeout
                0x000000000800347e       0x9c Drivers/STM32F3xx_HAL_Driver/Src/stm32f3xx_hal_spi.o
 .text.SPI_EndRxTxTransaction
                0x000000000800351a       0x42 Drivers/STM32F3xx_HAL_Driver/Src/stm32f3xx_hal_spi.o
 .text.HAL_SPI_MspInit
                0x000000000800355c        0x2 Drivers/STM32F3xx_HAL_Driver/Src/stm32f3xx_hal_spi.o
                0x000000000800355c                HAL_SPI_MspInit
 .text.HAL_SPI_Init
                0x000000000800355e       0xa6 Drivers/STM32F3xx_HAL_Driver/Src/stm32f3xx_hal_spi.o
                0x000000000800355e                HAL_SPI_Init
 .text.HAL_SPI_MspDeInit
                0x0000000008003604        0x2 Drivers/STM32F3xx_HAL_Driver/Src/stm32f3xx_hal_spi.o
                0x0000000008003604                HAL_SPI_MspDeInit
 .text.HAL_SPI_DeInit
                0x0000000008003606       0x2e Drivers/STM32F3xx_HAL_Driver/Src/stm32f3xx_hal_spi.o
                0x0000000008003606                HAL_SPI_DeInit
 .text.HAL_SPI_TransmitReceive
                0x0000000008003634      0x29a Drivers/STM32F3xx_HAL_Driver/Src/stm32f3xx_hal_spi.o
                0x0000000008003634                HAL_SPI_TransmitReceive
 .text.HAL_SPI_GetState
                0x00000000080038ce        0x6 Drivers/STM32F3xx_HAL_Driver/Src/stm32f3xx_hal_spi.o
                0x00000000080038ce                HAL_SPI_GetState
 .text.USBD_Init
                0x00000000080038d4       0x2a Drivers/STM32_USB_Device_Library/Core/Src/usbd_core.o
                0x00000000080038d4                USBD_Init
 .text.USBD_RegisterClass
                0x00000000080038fe        0xe Drivers/STM32_USB_Device_Library/Core/Src/usbd_core.o
                0x00000000080038fe                USBD_RegisterClass
 .text.USBD_Start
                0x000000000800390c        0xa Drivers/STM32_USB_Device_Library/Core/Src/usbd_core.o
                0x000000000800390c                USBD_Start
 .text.USBD_SetClassConfig
                0x0000000008003916       0x16 Drivers/STM32_USB_Device_Library/Core/Src/usbd_core.o
                0x0000000008003916                USBD_SetClassConfig
 .text.USBD_ClrClassConfig
                0x000000000800392c        0xe Drivers/STM32_USB_Device_Library/Core/Src/usbd_core.o
                0x000000000800392c                USBD_ClrClassConfig
 .text.USBD_LL_SetupStage
                0x000000000800393a       0x5a Drivers/STM32_USB_Device_Library/Core/Src/usbd_core.o
                0x000000000800393a                USBD_LL_SetupStage
 .text.USBD_LL_DataOutStage
                0x0000000008003994       0x60 Drivers/STM32_USB_Device_Library/Core/Src/usbd_core.o
                0x0000000008003994                USBD_LL_DataOutStage
 .text.USBD_LL_DataInStage
                0x00000000080039f4       0x88 Drivers/STM32_USB_Device_Library/Core/Src/usbd_core.o
                0x00000000080039f4                USBD_LL_DataInStage
 .text.USBD_LL_Reset
                0x0000000008003a7c       0x3e Drivers/STM32_USB_Device_Library/Core/Src/usbd_core.o
                0x0000000008003a7c                USBD_LL_Reset
 .text.USBD_LL_SetSpeed
                0x0000000008003aba        0x6 Drivers/STM32_USB_Device_Library/Core/Src/usbd_core.o
                0x0000000008003aba                USBD_LL_SetSpeed
 .text.USBD_LL_SOF
                0x0000000008003ac0       0x18 Drivers/STM32_USB_Device_Library/Core/Src/usbd_core.o
                0x0000000008003ac0                USBD_LL_SOF
 .text.USBD_ParseSetupRequest
                0x0000000008003ad8       0x28 Drivers/STM32_USB_Device_Library/Core/Src/usbd_ctlreq.o
                0x0000000008003ad8                USBD_ParseSetupRequest
 .text.USBD_CtlError
                0x0000000008003b00       0x16 Drivers/STM32_USB_Device_Library/Core/Src/usbd_ctlreq.o
                0x0000000008003b00                USBD_CtlError
 *fill*         0x0000000008003b16        0x2 
 .text.USBD_StdDevReq
                0x0000000008003b18      0x218 Drivers/STM32_USB_Device_Library/Core/Src/usbd_ctlreq.o
                0x0000000008003b18                USBD_StdDevReq
 .text.USBD_StdItfReq
                0x0000000008003d30       0x30 Drivers/STM32_USB_Device_Library/Core/Src/usbd_ctlreq.o
                0x0000000008003d30                USBD_StdItfReq
 .text.USBD_StdEPReq
                0x0000000008003d60       0xb2 Drivers/STM32_USB_Device_Library/Core/Src/usbd_ctlreq.o
                0x0000000008003d60                USBD_StdEPReq
 .text.USBD_GetString
                0x0000000008003e12       0x3a Drivers/STM32_USB_Device_Library/Core/Src/usbd_ctlreq.o
                0x0000000008003e12                USBD_GetString
 .text.USBD_CtlSendData
                0x0000000008003e4c       0x1c Drivers/STM32_USB_Device_Library/Core/Src/usbd_ioreq.o
                0x0000000008003e4c                USBD_CtlSendData
 .text.USBD_CtlContinueSendData
                0x0000000008003e68       0x12 Drivers/STM32_USB_Device_Library/Core/Src/usbd_ioreq.o
                0x0000000008003e68                USBD_CtlContinueSendData
 .text.USBD_CtlPrepareRx
                0x0000000008003e7a       0x20 Drivers/STM32_USB_Device_Library/Core/Src/usbd_ioreq.o
                0x0000000008003e7a                USBD_CtlPrepareRx
 .text.USBD_CtlContinueRx
                0x0000000008003e9a       0x12 Drivers/STM32_USB_Device_Library/Core/Src/usbd_ioreq.o
                0x0000000008003e9a                USBD_CtlContinueRx
 .text.USBD_CtlSendStatus
                0x0000000008003eac       0x16 Drivers/STM32_USB_Device_Library/Core/Src/usbd_ioreq.o
                0x0000000008003eac                USBD_CtlSendStatus
 .text.USBD_CtlReceiveStatus
                0x0000000008003ec2       0x16 Drivers/STM32_USB_Device_Library/Core/Src/usbd_ioreq.o
                0x0000000008003ec2                USBD_CtlReceiveStatus
 .text.USBD_CDC_DataIn
                0x0000000008003ed8       0x12 Drivers/STM32_USB_Device_Library/Class/CDC/Src/usbd_cdc.o
 .text.USBD_CDC_EP0_RxReady
                0x0000000008003eea       0x28 Drivers/STM32_USB_Device_Library/Class/CDC/Src/usbd_cdc.o
 *fill*         0x0000000008003f12        0x2 
 .text.USBD_CDC_GetFSCfgDesc
                0x0000000008003f14        0xc Drivers/STM32_USB_Device_Library/Class/CDC/Src/usbd_cdc.o
 .text.USBD_CDC_GetHSCfgDesc
                0x0000000008003f20        0xc Drivers/STM32_USB_Device_Library/Class/CDC/Src/usbd_cdc.o
 .text.USBD_CDC_GetOtherSpeedCfgDesc
                0x0000000008003f2c        0xc Drivers/STM32_USB_Device_Library/Class/CDC/Src/usbd_cdc.o
 .text.USBD_CDC_GetDeviceQualifierDescriptor
                0x0000000008003f38        0xc Drivers/STM32_USB_Device_Library/Class/CDC/Src/usbd_cdc.o
                0x0000000008003f38                USBD_CDC_GetDeviceQualifierDescriptor
 .text.USBD_CDC_DataOut
                0x0000000008003f44       0x2e Drivers/STM32_USB_Device_Library/Class/CDC/Src/usbd_cdc.o
 .text.USBD_CDC_Setup
                0x0000000008003f72       0x5a Drivers/STM32_USB_Device_Library/Class/CDC/Src/usbd_cdc.o
 .text.USBD_CDC_DeInit
                0x0000000008003fcc       0x3a Drivers/STM32_USB_Device_Library/Class/CDC/Src/usbd_cdc.o
 .text.USBD_CDC_Init
                0x0000000008004006       0x86 Drivers/STM32_USB_Device_Library/Class/CDC/Src/usbd_cdc.o
 .text.USBD_CDC_RegisterInterface
                0x000000000800408c        0xe Drivers/STM32_USB_Device_Library/Class/CDC/Src/usbd_cdc.o
                0x000000000800408c                USBD_CDC_RegisterInterface
 .text.USBD_CDC_SetTxBuffer
                0x000000000800409a       0x10 Drivers/STM32_USB_Device_Library/Class/CDC/Src/usbd_cdc.o
                0x000000000800409a                USBD_CDC_SetTxBuffer
 .text.USBD_CDC_SetRxBuffer
                0x00000000080040aa        0xc Drivers/STM32_USB_Device_Library/Class/CDC/Src/usbd_cdc.o
                0x00000000080040aa                USBD_CDC_SetRxBuffer
 .text.USBD_CDC_TransmitPacket
                0x00000000080040b6       0x2e Drivers/STM32_USB_Device_Library/Class/CDC/Src/usbd_cdc.o
                0x00000000080040b6                USBD_CDC_TransmitPacket
 .text.USBD_CDC_ReceivePacket
                0x00000000080040e4       0x26 Drivers/STM32_USB_Device_Library/Class/CDC/Src/usbd_cdc.o
                0x00000000080040e4                USBD_CDC_ReceivePacket
 *fill*         0x000000000800410a        0x2 
 .text.HAL_PCD_MspInit
                0x000000000800410c       0x9c usbd_conf.o
                0x000000000800410c                HAL_PCD_MspInit
 .text.HAL_PCD_SetupStageCallback
                0x00000000080041a8        0xe usbd_conf.o
                0x00000000080041a8                HAL_PCD_SetupStageCallback
 .text.HAL_PCD_DataOutStageCallback
                0x00000000080041b6       0x12 usbd_conf.o
                0x00000000080041b6                HAL_PCD_DataOutStageCallback
 .text.HAL_PCD_DataInStageCallback
                0x00000000080041c8       0x10 usbd_conf.o
                0x00000000080041c8                HAL_PCD_DataInStageCallback
 .text.HAL_PCD_SOFCallback
                0x00000000080041d8        0x8 usbd_conf.o
                0x00000000080041d8                HAL_PCD_SOFCallback
 .text.HAL_PCD_ResetCallback
                0x00000000080041e0       0x1a usbd_conf.o
                0x00000000080041e0                HAL_PCD_ResetCallback
 .text.HAL_PCD_SuspendCallback
                0x00000000080041fa        0x2 usbd_conf.o
                0x00000000080041fa                HAL_PCD_SuspendCallback
 .text.HAL_PCD_ResumeCallback
                0x00000000080041fc        0x2 usbd_conf.o
                0x00000000080041fc                HAL_PCD_ResumeCallback
 *fill*         0x00000000080041fe        0x2 
 .text.USBD_LL_Init
                0x0000000008004200       0x7c usbd_conf.o
                0x0000000008004200                USBD_LL_Init
 .text.USBD_LL_Start
                0x000000000800427c        0xe usbd_conf.o
                0x000000000800427c                USBD_LL_Start
 .text.USBD_LL_OpenEP
                0x000000000800428a       0x14 usbd_conf.o
                0x000000000800428a                USBD_LL_OpenEP
 .text.USBD_LL_CloseEP
                0x000000000800429e        0xe usbd_conf.o
                0x000000000800429e                USBD_LL_CloseEP
 .text.USBD_LL_StallEP
                0x00000000080042ac        0xe usbd_conf.o
                0x00000000080042ac                USBD_LL_StallEP
 .text.USBD_LL_ClearStallEP
                0x00000000080042ba        0xe usbd_conf.o
                0x00000000080042ba                USBD_LL_ClearStallEP
 .text.USBD_LL_IsStallEP
                0x00000000080042c8       0x26 usbd_conf.o
                0x00000000080042c8                USBD_LL_IsStallEP
 .text.USBD_LL_SetUSBAddress
                0x00000000080042ee        0xe usbd_conf.o
                0x00000000080042ee                USBD_LL_SetUSBAddress
 .text.USBD_LL_Transmit
                0x00000000080042fc        0xe usbd_conf.o
                0x00000000080042fc                USBD_LL_Transmit
 .text.USBD_LL_PrepareReceive
                0x000000000800430a        0xe usbd_conf.o
                0x000000000800430a                USBD_LL_PrepareReceive
 .text.USBD_LL_GetRxDataSize
                0x0000000008004318        0xc usbd_conf.o
                0x0000000008004318                USBD_LL_GetRxDataSize
 .text.USBD_static_malloc
                0x0000000008004324        0x8 usbd_conf.o
                0x0000000008004324                USBD_static_malloc
 .text.USBD_static_free
                0x000000000800432c        0x2 usbd_conf.o
                0x000000000800432c                USBD_static_free
 *fill*         0x000000000800432e        0x2 
 .text.USBD_VCP_DeviceDescriptor
                0x0000000008004330        0xc usbd_desc.o
                0x0000000008004330                USBD_VCP_DeviceDescriptor
 .text.USBD_VCP_LangIDStrDescriptor
                0x000000000800433c        0xc usbd_desc.o
                0x000000000800433c                USBD_VCP_LangIDStrDescriptor
 .text.IntToUnicode
                0x0000000008004348       0x28 usbd_desc.o
 .text.USBD_VCP_SerialStrDescriptor
                0x0000000008004370       0x40 usbd_desc.o
                0x0000000008004370                USBD_VCP_SerialStrDescriptor
 .text.USBD_VCP_ProductStrDescriptor
                0x00000000080043b0       0x1c usbd_desc.o
                0x00000000080043b0                USBD_VCP_ProductStrDescriptor
 .text.USBD_VCP_ManufacturerStrDescriptor
                0x00000000080043cc       0x1c usbd_desc.o
                0x00000000080043cc                USBD_VCP_ManufacturerStrDescriptor
 .text.USBD_VCP_ConfigStrDescriptor
                0x00000000080043e8       0x1c usbd_desc.o
                0x00000000080043e8                USBD_VCP_ConfigStrDescriptor
 .text.USBD_VCP_InterfaceStrDescriptor
                0x0000000008004404       0x1c usbd_desc.o
                0x0000000008004404                USBD_VCP_InterfaceStrDescriptor
 .text.CDC_Itf_DeInit
                0x0000000008004420        0x4 usbd_cdc_interface.o
 .text.CDC_Itf_Receive
                0x0000000008004424       0x20 usbd_cdc_interface.o
 .text.CDC_Itf_Init
                0x0000000008004444       0x18 usbd_cdc_interface.o
 .text.CDC_Itf_Control
                0x000000000800445c       0x58 usbd_cdc_interface.o
 .text.SPIx_Init
                0x00000000080044b4       0x80 Drivers/BSP/STM32F3-Discovery/stm32f3_discovery.o
 .text.SPIx_WriteRead
                0x0000000008004534       0x40 Drivers/BSP/STM32F3-Discovery/stm32f3_discovery.o
 .text.I2Cx_Init
                0x0000000008004574       0x6c Drivers/BSP/STM32F3-Discovery/stm32f3_discovery.o
 .text.BSP_LED_Init
                0x00000000080045e0       0x68 Drivers/BSP/STM32F3-Discovery/stm32f3_discovery.o
                0x00000000080045e0                BSP_LED_Init
 .text.BSP_LED_On
                0x0000000008004648       0x1c Drivers/BSP/STM32F3-Discovery/stm32f3_discovery.o
                0x0000000008004648                BSP_LED_On
 .text.BSP_LED_Off
                0x0000000008004664       0x1c Drivers/BSP/STM32F3-Discovery/stm32f3_discovery.o
                0x0000000008004664                BSP_LED_Off
 .text.BSP_LED_Toggle
                0x0000000008004680       0x1c Drivers/BSP/STM32F3-Discovery/stm32f3_discovery.o
                0x0000000008004680                BSP_LED_Toggle
 .text.BSP_PB_Init
                0x000000000800469c       0x74 Drivers/BSP/STM32F3-Discovery/stm32f3_discovery.o
                0x000000000800469c                BSP_PB_Init
 .text.BSP_PB_GetState
                0x0000000008004710       0x14 Drivers/BSP/STM32F3-Discovery/stm32f3_discovery.o
                0x0000000008004710                BSP_PB_GetState
 .text.GYRO_IO_Init
                0x0000000008004724       0x68 Drivers/BSP/STM32F3-Discovery/stm32f3_discovery.o
                0x0000000008004724                GYRO_IO_Init
 .text.GYRO_IO_Write
                0x000000000800478c       0x44 Drivers/BSP/STM32F3-Discovery/stm32f3_discovery.o
                0x000000000800478c                GYRO_IO_Write
 .text.GYRO_IO_Read
                0x00000000080047d0       0x48 Drivers/BSP/STM32F3-Discovery/stm32f3_discovery.o
                0x00000000080047d0                GYRO_IO_Read
 .text.COMPASSACCELERO_IO_Init
                0x0000000008004818       0x64 Drivers/BSP/STM32F3-Discovery/stm32f3_discovery.o
                0x0000000008004818                COMPASSACCELERO_IO_Init
 .text.COMPASSACCELERO_IO_ITConfig
                0x000000000800487c       0x48 Drivers/BSP/STM32F3-Discovery/stm32f3_discovery.o
                0x000000000800487c                COMPASSACCELERO_IO_ITConfig
 .text.COMPASSACCELERO_IO_Write
                0x00000000080048c4       0x3c Drivers/BSP/STM32F3-Discovery/stm32f3_discovery.o
                0x00000000080048c4                COMPASSACCELERO_IO_Write
 .text.COMPASSACCELERO_IO_Read
                0x0000000008004900       0x40 Drivers/BSP/STM32F3-Discovery/stm32f3_discovery.o
                0x0000000008004900                COMPASSACCELERO_IO_Read
 .text.BSP_ACCELERO_Init
                0x0000000008004940       0x30 Drivers/BSP/STM32F3-Discovery/stm32f3_discovery_accelerometer.o
                0x0000000008004940                BSP_ACCELERO_Init
 .text.BSP_ACCELERO_GetXYZ
                0x0000000008004970       0x10 Drivers/BSP/STM32F3-Discovery/stm32f3_discovery_accelerometer.o
                0x0000000008004970                BSP_ACCELERO_GetXYZ
 .text.BSP_GYRO_Init
                0x0000000008004980       0x44 Drivers/BSP/STM32F3-Discovery/stm32f3_discovery_gyroscope.o
                0x0000000008004980                BSP_GYRO_Init
 .text.BSP_GYRO_GetXYZ
                0x00000000080049c4       0x10 Drivers/BSP/STM32F3-Discovery/stm32f3_discovery_gyroscope.o
                0x00000000080049c4                BSP_GYRO_GetXYZ
 .text.LSM303DLHC_AccInit
                0x00000000080049d4       0x20 Drivers/BSP/Components/lsm303dlhc/lsm303dlhc.o
                0x00000000080049d4                LSM303DLHC_AccInit
 .text.LSM303DLHC_AccReadID
                0x00000000080049f4       0x12 Drivers/BSP/Components/lsm303dlhc/lsm303dlhc.o
                0x00000000080049f4                LSM303DLHC_AccReadID
 .text.LSM303DLHC_AccRebootCmd
                0x0000000008004a06       0x1c Drivers/BSP/Components/lsm303dlhc/lsm303dlhc.o
                0x0000000008004a06                LSM303DLHC_AccRebootCmd
 .text.LSM303DLHC_AccFilterConfig
                0x0000000008004a22       0x1e Drivers/BSP/Components/lsm303dlhc/lsm303dlhc.o
                0x0000000008004a22                LSM303DLHC_AccFilterConfig
 .text.LSM303DLHC_AccFilterCmd
                0x0000000008004a40       0x1e Drivers/BSP/Components/lsm303dlhc/lsm303dlhc.o
                0x0000000008004a40                LSM303DLHC_AccFilterCmd
 .text.LSM303DLHC_AccReadXYZ
                0x0000000008004a5e       0xe6 Drivers/BSP/Components/lsm303dlhc/lsm303dlhc.o
                0x0000000008004a5e                LSM303DLHC_AccReadXYZ
 .text.LSM303DLHC_AccFilterClickCmd
                0x0000000008004b44       0x1e Drivers/BSP/Components/lsm303dlhc/lsm303dlhc.o
                0x0000000008004b44                LSM303DLHC_AccFilterClickCmd
 .text.LSM303DLHC_AccIT1Enable
                0x0000000008004b62       0x1e Drivers/BSP/Components/lsm303dlhc/lsm303dlhc.o
                0x0000000008004b62                LSM303DLHC_AccIT1Enable
 .text.LSM303DLHC_AccClickITEnable
                0x0000000008004b80       0x46 Drivers/BSP/Components/lsm303dlhc/lsm303dlhc.o
                0x0000000008004b80                LSM303DLHC_AccClickITEnable
 .text.LSM303DLHC_AccZClickITConfig
                0x0000000008004bc6       0x1c Drivers/BSP/Components/lsm303dlhc/lsm303dlhc.o
                0x0000000008004bc6                LSM303DLHC_AccZClickITConfig
 .text.L3GD20_Init
                0x0000000008004be2       0x32 Drivers/BSP/Components/l3gd20/l3gd20.o
                0x0000000008004be2                L3GD20_Init
 .text.L3GD20_ReadID
                0x0000000008004c14       0x1c Drivers/BSP/Components/l3gd20/l3gd20.o
                0x0000000008004c14                L3GD20_ReadID
 .text.L3GD20_RebootCmd
                0x0000000008004c30       0x2c Drivers/BSP/Components/l3gd20/l3gd20.o
                0x0000000008004c30                L3GD20_RebootCmd
 .text.L3GD20_INT1InterruptConfig
                0x0000000008004c5c       0x5c Drivers/BSP/Components/l3gd20/l3gd20.o
                0x0000000008004c5c                L3GD20_INT1InterruptConfig
 .text.L3GD20_EnableIT
                0x0000000008004cb8       0x40 Drivers/BSP/Components/l3gd20/l3gd20.o
                0x0000000008004cb8                L3GD20_EnableIT
 .text.L3GD20_DisableIT
                0x0000000008004cf8       0x3c Drivers/BSP/Components/l3gd20/l3gd20.o
                0x0000000008004cf8                L3GD20_DisableIT
 .text.L3GD20_FilterConfig
                0x0000000008004d34       0x2e Drivers/BSP/Components/l3gd20/l3gd20.o
                0x0000000008004d34                L3GD20_FilterConfig
 .text.L3GD20_FilterCmd
                0x0000000008004d62       0x2e Drivers/BSP/Components/l3gd20/l3gd20.o
                0x0000000008004d62                L3GD20_FilterCmd
 .text.L3GD20_ReadXYZAngRate
                0x0000000008004d90       0xd8 Drivers/BSP/Components/l3gd20/l3gd20.o
                0x0000000008004d90                L3GD20_ReadXYZAngRate
 .text.Reset_Handler
                0x0000000008004e68       0x50 Drivers/CMSIS/Device/ST/STM32F3xx/Source/Templates/gcc/startup_stm32f303xc.o
                0x0000000008004e68                Reset_Handler
 .text.Default_Handler
                0x0000000008004eb8        0x2 Drivers/CMSIS/Device/ST/STM32F3xx/Source/Templates/gcc/startup_stm32f303xc.o
                0x0000000008004eb8                RTC_Alarm_IRQHandler
                0x0000000008004eb8                TIM8_TRG_COM_IRQHandler
                0x0000000008004eb8                TIM8_CC_IRQHandler
                0x0000000008004eb8                DebugMon_Handler
                0x0000000008004eb8                TIM1_CC_IRQHandler
                0x0000000008004eb8                HardFault_Handler
                0x0000000008004eb8                USB_HP_IRQHandler
                0x0000000008004eb8                PVD_IRQHandler
                0x0000000008004eb8                TAMP_STAMP_IRQHandler
                0x0000000008004eb8                PendSV_Handler
                0x0000000008004eb8                NMI_Handler
                0x0000000008004eb8                EXTI3_IRQHandler
                0x0000000008004eb8                USB_HP_CAN_TX_IRQHandler
                0x0000000008004eb8                EXTI0_IRQHandler
                0x0000000008004eb8                I2C2_EV_IRQHandler
                0x0000000008004eb8                FPU_IRQHandler
                0x0000000008004eb8                TIM1_UP_TIM16_IRQHandler
                0x0000000008004eb8                UsageFault_Handler
                0x0000000008004eb8                ADC1_2_IRQHandler
                0x0000000008004eb8                SPI1_IRQHandler
                0x0000000008004eb8                CAN_SCE_IRQHandler
                0x0000000008004eb8                TIM6_DAC_IRQHandler
                0x0000000008004eb8                TIM8_UP_IRQHandler
                0x0000000008004eb8                DMA2_Channel2_IRQHandler
                0x0000000008004eb8                DMA1_Channel4_IRQHandler
                0x0000000008004eb8                USART3_IRQHandler
                0x0000000008004eb8                DMA1_Channel7_IRQHandler
                0x0000000008004eb8                UART5_IRQHandler
                0x0000000008004eb8                ADC3_IRQHandler
                0x0000000008004eb8                TIM4_IRQHandler
                0x0000000008004eb8                CAN_RX1_IRQHandler
                0x0000000008004eb8                DMA2_Channel1_IRQHandler
                0x0000000008004eb8                I2C1_EV_IRQHandler
                0x0000000008004eb8                DMA1_Channel6_IRQHandler
                0x0000000008004eb8                UART4_IRQHandler
                0x0000000008004eb8                DMA2_Channel4_IRQHandler
                0x0000000008004eb8                TIM3_IRQHandler
                0x0000000008004eb8                RCC_IRQHandler
                0x0000000008004eb8                DMA1_Channel1_IRQHandler
                0x0000000008004eb8                Default_Handler
                0x0000000008004eb8                USBWakeUp_RMP_IRQHandler
                0x0000000008004eb8                EXTI15_10_IRQHandler
                0x0000000008004eb8                TIM7_IRQHandler
                0x0000000008004eb8                EXTI9_5_IRQHandler
                0x0000000008004eb8                RTC_WKUP_IRQHandler
                0x0000000008004eb8                SPI2_IRQHandler
                0x0000000008004eb8                MemManage_Handler
                0x0000000008004eb8                SVC_Handler
                0x0000000008004eb8                DMA2_Channel5_IRQHandler
                0x0000000008004eb8                DMA1_Channel5_IRQHandler
                0x0000000008004eb8                USB_LP_IRQHandler
                0x0000000008004eb8                EXTI4_IRQHandler
                0x0000000008004eb8                TIM1_TRG_COM_TIM17_IRQHandler
                0x0000000008004eb8                DMA1_Channel3_IRQHandler
                0x0000000008004eb8                ADC4_IRQHandler
                0x0000000008004eb8                WWDG_IRQHandler
                0x0000000008004eb8                TIM2_IRQHandler
                0x0000000008004eb8                COMP7_IRQHandler
                0x0000000008004eb8                COMP1_2_3_IRQHandler
                0x0000000008004eb8                EXTI1_IRQHandler
                0x0000000008004eb8                USART2_IRQHandler
                0x0000000008004eb8                COMP4_5_6_IRQHandler
                0x0000000008004eb8                I2C2_ER_IRQHandler
                0x0000000008004eb8                DMA1_Channel2_IRQHandler
                0x0000000008004eb8                TIM8_BRK_IRQHandler
                0x0000000008004eb8                FLASH_IRQHandler
                0x0000000008004eb8                BusFault_Handler
                0x0000000008004eb8                USART1_IRQHandler
                0x0000000008004eb8                SPI3_IRQHandler
                0x0000000008004eb8                I2C1_ER_IRQHandler
                0x0000000008004eb8                USBWakeUp_IRQHandler
                0x0000000008004eb8                DMA2_Channel3_IRQHandler
                0x0000000008004eb8                EXTI2_TSC_IRQHandler
                0x0000000008004eb8                TIM1_BRK_TIM15_IRQHandler
 *fill*         0x0000000008004eba        0x2 
 .text.__errno  0x0000000008004ebc        0xc /usr/local/bin/../lib/gcc/arm-none-eabi/4.9.3/../../../../arm-none-eabi/lib/armv7e-m/softfp/libg.a(lib_a-errno.o)
                0x0000000008004ebc                __errno
 .text.__libc_init_array
                0x0000000008004ec8       0x50 /usr/local/bin/../lib/gcc/arm-none-eabi/4.9.3/../../../../arm-none-eabi/lib/armv7e-m/softfp/libg.a(lib_a-init.o)
                0x0000000008004ec8                __libc_init_array
 .text.memset   0x0000000008004f18       0x9c /usr/local/bin/../lib/gcc/arm-none-eabi/4.9.3/../../../../arm-none-eabi/lib/armv7e-m/softfp/libg.a(lib_a-memset.o)
                0x0000000008004f18                memset
 .text.putchar  0x0000000008004fb4       0x14 /usr/local/bin/../lib/gcc/arm-none-eabi/4.9.3/../../../../arm-none-eabi/lib/armv7e-m/softfp/libg.a(lib_a-putchar.o)
                0x0000000008004fb4                putchar
 .text._puts_r  0x0000000008004fc8       0x5c /usr/local/bin/../lib/gcc/arm-none-eabi/4.9.3/../../../../arm-none-eabi/lib/armv7e-m/softfp/libg.a(lib_a-puts.o)
                0x0000000008004fc8                _puts_r
 .text.puts     0x0000000008005024       0x10 /usr/local/bin/../lib/gcc/arm-none-eabi/4.9.3/../../../../arm-none-eabi/lib/armv7e-m/softfp/libg.a(lib_a-puts.o)
                0x0000000008005024                puts
 .text.setvbuf  0x0000000008005034       0xf8 /usr/local/bin/../lib/gcc/arm-none-eabi/4.9.3/../../../../arm-none-eabi/lib/armv7e-m/softfp/libg.a(lib_a-setvbuf.o)
                0x0000000008005034                setvbuf
 .text.strcasecmp
                0x000000000800512c       0x44 /usr/local/bin/../lib/gcc/arm-none-eabi/4.9.3/../../../../arm-none-eabi/lib/armv7e-m/softfp/libg.a(lib_a-strcasecmp.o)
                0x000000000800512c                strcasecmp
 .text.strcpy   0x0000000008005170       0xbc /usr/local/bin/../lib/gcc/arm-none-eabi/4.9.3/../../../../arm-none-eabi/lib/armv7e-m/softfp/libg.a(lib_a-strcpy.o)
                0x0000000008005170                strcpy
 .text.strlen   0x000000000800522c       0x5c /usr/local/bin/../lib/gcc/arm-none-eabi/4.9.3/../../../../arm-none-eabi/lib/armv7e-m/softfp/libg.a(lib_a-strlen.o)
                0x000000000800522c                strlen
 .text.strtok   0x0000000008005288       0x10 /usr/local/bin/../lib/gcc/arm-none-eabi/4.9.3/../../../../arm-none-eabi/lib/armv7e-m/softfp/libg.a(lib_a-strtok.o)
                0x0000000008005288                strtok
 .text.__strtok_r
                0x0000000008005298       0x64 /usr/local/bin/../lib/gcc/arm-none-eabi/4.9.3/../../../../arm-none-eabi/lib/armv7e-m/softfp/libg.a(lib_a-strtok_r.o)
                0x0000000008005298                __strtok_r
 .text._strtoul_r
                0x00000000080052fc      0x128 /usr/local/bin/../lib/gcc/arm-none-eabi/4.9.3/../../../../arm-none-eabi/lib/armv7e-m/softfp/libg.a(lib_a-strtoul.o)
                0x00000000080052fc                _strtoul_r
 .text.strtoul  0x0000000008005424       0x18 /usr/local/bin/../lib/gcc/arm-none-eabi/4.9.3/../../../../arm-none-eabi/lib/armv7e-m/softfp/libg.a(lib_a-strtoul.o)
                0x0000000008005424                strtoul
 .text.startup.register_fini
                0x000000000800543c       0x14 /usr/local/bin/../lib/gcc/arm-none-eabi/4.9.3/../../../../arm-none-eabi/lib/armv7e-m/softfp/libg.a(lib_a-__call_atexit.o)
 .text.atexit   0x0000000008005450        0xc /usr/local/bin/../lib/gcc/arm-none-eabi/4.9.3/../../../../arm-none-eabi/lib/armv7e-m/softfp/libg.a(lib_a-atexit.o)
                0x0000000008005450                atexit
 .text.__sflush_r
                0x000000000800545c      0x154 /usr/local/bin/../lib/gcc/arm-none-eabi/4.9.3/../../../../arm-none-eabi/lib/armv7e-m/softfp/libg.a(lib_a-fflush.o)
                0x000000000800545c                __sflush_r
 .text._fflush_r
                0x00000000080055b0       0x2c /usr/local/bin/../lib/gcc/arm-none-eabi/4.9.3/../../../../arm-none-eabi/lib/armv7e-m/softfp/libg.a(lib_a-fflush.o)
                0x00000000080055b0                _fflush_r
 .text._cleanup_r
                0x00000000080055dc        0xc /usr/local/bin/../lib/gcc/arm-none-eabi/4.9.3/../../../../arm-none-eabi/lib/armv7e-m/softfp/libg.a(lib_a-findfp.o)
                0x00000000080055dc                _cleanup_r
 .text.__sinit.part.1
                0x00000000080055e8       0xf0 /usr/local/bin/../lib/gcc/arm-none-eabi/4.9.3/../../../../arm-none-eabi/lib/armv7e-m/softfp/libg.a(lib_a-findfp.o)
 .text.__sinit  0x00000000080056d8        0xc /usr/local/bin/../lib/gcc/arm-none-eabi/4.9.3/../../../../arm-none-eabi/lib/armv7e-m/softfp/libg.a(lib_a-findfp.o)
                0x00000000080056d8                __sinit
 .text.__sfp_lock_acquire
                0x00000000080056e4        0x4 /usr/local/bin/../lib/gcc/arm-none-eabi/4.9.3/../../../../arm-none-eabi/lib/armv7e-m/softfp/libg.a(lib_a-findfp.o)
                0x00000000080056e4                __sfp_lock_acquire
 .text.__sfp_lock_release
                0x00000000080056e8        0x4 /usr/local/bin/../lib/gcc/arm-none-eabi/4.9.3/../../../../arm-none-eabi/lib/armv7e-m/softfp/libg.a(lib_a-findfp.o)
                0x00000000080056e8                __sfp_lock_release
 .text.__libc_fini_array
                0x00000000080056ec       0x2c /usr/local/bin/../lib/gcc/arm-none-eabi/4.9.3/../../../../arm-none-eabi/lib/armv7e-m/softfp/libg.a(lib_a-fini.o)
                0x00000000080056ec                __libc_fini_array
 .text._malloc_trim_r
                0x0000000008005718       0x9c /usr/local/bin/../lib/gcc/arm-none-eabi/4.9.3/../../../../arm-none-eabi/lib/armv7e-m/softfp/libg.a(lib_a-freer.o)
                0x0000000008005718                _malloc_trim_r
 .text._free_r  0x00000000080057b4      0x1b0 /usr/local/bin/../lib/gcc/arm-none-eabi/4.9.3/../../../../arm-none-eabi/lib/armv7e-m/softfp/libg.a(lib_a-freer.o)
                0x00000000080057b4                _free_r
 .text.__sfvwrite_r
                0x0000000008005964      0x318 /usr/local/bin/../lib/gcc/arm-none-eabi/4.9.3/../../../../arm-none-eabi/lib/armv7e-m/softfp/libg.a(lib_a-fvwrite.o)
                0x0000000008005964                __sfvwrite_r
 .text._fwalk_reent
                0x0000000008005c7c       0x54 /usr/local/bin/../lib/gcc/arm-none-eabi/4.9.3/../../../../arm-none-eabi/lib/armv7e-m/softfp/libg.a(lib_a-fwalk.o)
                0x0000000008005c7c                _fwalk_reent
 .text.malloc   0x0000000008005cd0       0x10 /usr/local/bin/../lib/gcc/arm-none-eabi/4.9.3/../../../../arm-none-eabi/lib/armv7e-m/softfp/libg.a(lib_a-malloc.o)
                0x0000000008005cd0                malloc
 .text._malloc_r
                0x0000000008005ce0      0x524 /usr/local/bin/../lib/gcc/arm-none-eabi/4.9.3/../../../../arm-none-eabi/lib/armv7e-m/softfp/libg.a(lib_a-mallocr.o)
                0x0000000008005ce0                _malloc_r
 .text.memchr   0x0000000008006204       0x94 /usr/local/bin/../lib/gcc/arm-none-eabi/4.9.3/../../../../arm-none-eabi/lib/armv7e-m/softfp/libg.a(lib_a-memchr.o)
                0x0000000008006204                memchr
 .text.memmove  0x0000000008006298       0xc8 /usr/local/bin/../lib/gcc/arm-none-eabi/4.9.3/../../../../arm-none-eabi/lib/armv7e-m/softfp/libg.a(lib_a-memmove.o)
                0x0000000008006298                memmove
 .text.__malloc_lock
                0x0000000008006360        0x4 /usr/local/bin/../lib/gcc/arm-none-eabi/4.9.3/../../../../arm-none-eabi/lib/armv7e-m/softfp/libg.a(lib_a-mlock.o)
                0x0000000008006360                __malloc_lock
 .text.__malloc_unlock
                0x0000000008006364        0x4 /usr/local/bin/../lib/gcc/arm-none-eabi/4.9.3/../../../../arm-none-eabi/lib/armv7e-m/softfp/libg.a(lib_a-mlock.o)
                0x0000000008006364                __malloc_unlock
 .text._putc_r  0x0000000008006368       0x58 /usr/local/bin/../lib/gcc/arm-none-eabi/4.9.3/../../../../arm-none-eabi/lib/armv7e-m/softfp/libg.a(lib_a-putc.o)
                0x0000000008006368                _putc_r
 .text._realloc_r
                0x00000000080063c0      0x3ec /usr/local/bin/../lib/gcc/arm-none-eabi/4.9.3/../../../../arm-none-eabi/lib/armv7e-m/softfp/libg.a(lib_a-reallocr.o)
                0x00000000080063c0                _realloc_r
 .text.__sread  0x00000000080067ac       0x24 /usr/local/bin/../lib/gcc/arm-none-eabi/4.9.3/../../../../arm-none-eabi/lib/armv7e-m/softfp/libg.a(lib_a-stdio.o)
                0x00000000080067ac                __sread
 .text.__swrite
                0x00000000080067d0       0x38 /usr/local/bin/../lib/gcc/arm-none-eabi/4.9.3/../../../../arm-none-eabi/lib/armv7e-m/softfp/libg.a(lib_a-stdio.o)
                0x00000000080067d0                __swrite
 .text.__sseek  0x0000000008006808       0x20 /usr/local/bin/../lib/gcc/arm-none-eabi/4.9.3/../../../../arm-none-eabi/lib/armv7e-m/softfp/libg.a(lib_a-stdio.o)
                0x0000000008006808                __sseek
 .text.__sclose
                0x0000000008006828        0x8 /usr/local/bin/../lib/gcc/arm-none-eabi/4.9.3/../../../../arm-none-eabi/lib/armv7e-m/softfp/libg.a(lib_a-stdio.o)
                0x0000000008006828                __sclose
 .text.__swbuf_r
                0x0000000008006830       0xa8 /usr/local/bin/../lib/gcc/arm-none-eabi/4.9.3/../../../../arm-none-eabi/lib/armv7e-m/softfp/libg.a(lib_a-wbuf.o)
                0x0000000008006830                __swbuf_r
 .text.__swsetup_r
                0x00000000080068d8       0xc4 /usr/local/bin/../lib/gcc/arm-none-eabi/4.9.3/../../../../arm-none-eabi/lib/armv7e-m/softfp/libg.a(lib_a-wsetup.o)
                0x00000000080068d8                __swsetup_r
 .text.__register_exitproc
                0x000000000800699c       0xa4 /usr/local/bin/../lib/gcc/arm-none-eabi/4.9.3/../../../../arm-none-eabi/lib/armv7e-m/softfp/libg.a(lib_a-__atexit.o)
                0x000000000800699c                __register_exitproc
 .text._fclose_r
                0x0000000008006a40       0x84 /usr/local/bin/../lib/gcc/arm-none-eabi/4.9.3/../../../../arm-none-eabi/lib/armv7e-m/softfp/libg.a(lib_a-fclose.o)
                0x0000000008006a40                _fclose_r
 .text.__smakebuf_r
                0x0000000008006ac4       0xe0 /usr/local/bin/../lib/gcc/arm-none-eabi/4.9.3/../../../../arm-none-eabi/lib/armv7e-m/softfp/libg.a(lib_a-makebuf.o)
                0x0000000008006ac4                __smakebuf_r
 *(.glue_7)
 .glue_7        0x0000000000000000        0x0 linker stubs
 *(.glue_7t)
 .glue_7t       0x0000000000000000        0x0 linker stubs
 *(.eh_frame)
 .eh_frame      0x0000000008006ba4        0x0 /usr/local/bin/../lib/gcc/arm-none-eabi/4.9.3/armv7e-m/softfp/crtbegin.o
 *(.init)
 .init          0x0000000008006ba4        0x4 /usr/local/bin/../lib/gcc/arm-none-eabi/4.9.3/armv7e-m/softfp/crti.o
                0x0000000008006ba4                _init
 .init          0x0000000008006ba8        0x8 /usr/local/bin/../lib/gcc/arm-none-eabi/4.9.3/armv7e-m/softfp/crtn.o
 *(.fini)
 .fini          0x0000000008006bb0        0x4 /usr/local/bin/../lib/gcc/arm-none-eabi/4.9.3/armv7e-m/softfp/crti.o
                0x0000000008006bb0                _fini
 .fini          0x0000000008006bb4        0x8 /usr/local/bin/../lib/gcc/arm-none-eabi/4.9.3/armv7e-m/softfp/crtn.o
                0x0000000008006bbc                . = ALIGN (0x4)
                0x0000000008006bbc                _etext = .

.vfp11_veneer   0x0000000008006bbc        0x0
 .vfp11_veneer  0x0000000000000000        0x0 linker stubs

.v4_bx          0x0000000008006bbc        0x0
 .v4_bx         0x0000000000000000        0x0 linker stubs

.iplt           0x0000000008006bbc        0x0
 .iplt          0x0000000000000000        0x0 /usr/local/bin/../lib/gcc/arm-none-eabi/4.9.3/armv7e-m/softfp/crtbegin.o

.rodata         0x0000000008006bbc    0x10710
                0x0000000008006bbc                . = ALIGN (0x4)
 *(.rodata)
 *(.rodata*)
 .rodata.str1.1
                0x0000000008006bbc      0x1d2 main.o
                                        0x1d9 (size before relaxing)
 .rodata.LEDs   0x0000000008006d8e        0x8 main.o
                0x0000000008006d8e                LEDs
 .rodata.str1.1
                0x0000000008006d96       0x3a simpletask.o
 .rodata.str1.1
                0x0000000008006dd0       0x4b monitor.o
                                         0x4d (size before relaxing)
 .rodata.str1.1
                0x0000000008006e1b       0xe4 parser.o
 .rodata.__FUNCTION__.5819
                0x0000000008006eff        0x6 parser.o
 .rodata.str1.1
                0x0000000008006f05      0x1fc dump.o
                                        0x1fe (size before relaxing)
 .rodata.str1.1
                0x0000000008007101       0xaa terminal.o
                                         0xac (size before relaxing)
 .rodata.str1.1
                0x00000000080071ab      0x4b8 decoder/decoder.o
                                        0x4c0 (size before relaxing)
 *fill*         0x0000000008007663        0x1 
 .rodata.TIM1_CCER_fields
                0x0000000008007664       0xa0 decoder/STM32F30x_decoder.o
                0x0000000008007664                TIM1_CCER_fields
 .rodata.DMA1_registers
                0x0000000008007704      0x174 decoder/STM32F30x_decoder.o
                0x0000000008007704                DMA1_registers
 .rodata.SPI1_DR_fields
                0x0000000008007878       0x10 decoder/STM32F30x_decoder.o
                0x0000000008007878                SPI1_DR_fields
 .rodata.ADC1_2_CSR_fields
                0x0000000008007888       0xb8 decoder/STM32F30x_decoder.o
                0x0000000008007888                ADC1_2_CSR_fields
 .rodata.USB_FS_USB_EP3R_fields
                0x0000000008007940       0x58 decoder/STM32F30x_decoder.o
                0x0000000008007940                USB_FS_USB_EP3R_fields
 .rodata.GPIOB_PUPDR_fields
                0x0000000008007998       0x88 decoder/STM32F30x_decoder.o
                0x0000000008007998                GPIOB_PUPDR_fields
 .rodata.TSC_IOG8CR_fields
                0x0000000008007a20       0x10 decoder/STM32F30x_decoder.o
                0x0000000008007a20                TSC_IOG8CR_fields
 .rodata.TIM1_CCMR3_Output_fields
                0x0000000008007a30       0x58 decoder/STM32F30x_decoder.o
                0x0000000008007a30                TIM1_CCMR3_Output_fields
 .rodata.TIM1_SMCR_fields
                0x0000000008007a88       0x50 decoder/STM32F30x_decoder.o
                0x0000000008007a88                TIM1_SMCR_fields
 .rodata.RTC_SHIFTR_fields
                0x0000000008007ad8       0x18 decoder/STM32F30x_decoder.o
                0x0000000008007ad8                RTC_SHIFTR_fields
 .rodata.CAN_F24R1_fields
                0x0000000008007af0      0x108 decoder/STM32F30x_decoder.o
                0x0000000008007af0                CAN_F24R1_fields
 .rodata.RTC_TSDR_fields
                0x0000000008007bf8       0x30 decoder/STM32F30x_decoder.o
                0x0000000008007bf8                RTC_TSDR_fields
 .rodata.RTC_BKP22R_fields
                0x0000000008007c28       0x10 decoder/STM32F30x_decoder.o
                0x0000000008007c28                RTC_BKP22R_fields
 .rodata.TIM1_CCMR2_Output_fields
                0x0000000008007c38       0x68 decoder/STM32F30x_decoder.o
                0x0000000008007c38                TIM1_CCMR2_Output_fields
 .rodata.TIM17_RCR_fields
                0x0000000008007ca0       0x10 decoder/STM32F30x_decoder.o
                0x0000000008007ca0                TIM17_RCR_fields
 .rodata.EXTI_EMR1_fields
                0x0000000008007cb0      0x108 decoder/STM32F30x_decoder.o
                0x0000000008007cb0                EXTI_EMR1_fields
 .rodata.CAN_F11R2_fields
                0x0000000008007db8      0x108 decoder/STM32F30x_decoder.o
                0x0000000008007db8                CAN_F11R2_fields
 .rodata.USB_FS_ISTR_fields
                0x0000000008007ec0       0x58 decoder/STM32F30x_decoder.o
                0x0000000008007ec0                USB_FS_ISTR_fields
 .rodata.I2C1_ICR_fields
                0x0000000008007f18       0x50 decoder/STM32F30x_decoder.o
                0x0000000008007f18                I2C1_ICR_fields
 .rodata.TIM16_ARR_fields
                0x0000000008007f68       0x10 decoder/STM32F30x_decoder.o
                0x0000000008007f68                TIM16_ARR_fields
 .rodata.RTC_ISR_fields
                0x0000000008007f78       0x90 decoder/STM32F30x_decoder.o
                0x0000000008007f78                RTC_ISR_fields
 .rodata.RTC_BKP27R_fields
                0x0000000008008008       0x10 decoder/STM32F30x_decoder.o
                0x0000000008008008                RTC_BKP27R_fields
 .rodata.TIM8_CCR6_fields
                0x0000000008008018       0x10 decoder/STM32F30x_decoder.o
                0x0000000008008018                TIM8_CCR6_fields
 .rodata.TIM17_BDTR_fields
                0x0000000008008028       0x50 decoder/STM32F30x_decoder.o
                0x0000000008008028                TIM17_BDTR_fields
 .rodata.TIM8_CCMR1_Input_fields
                0x0000000008008078       0x38 decoder/STM32F30x_decoder.o
                0x0000000008008078                TIM8_CCMR1_Input_fields
 .rodata.DAC_registers
                0x00000000080080b0       0xb4 decoder/STM32F30x_decoder.o
                0x00000000080080b0                DAC_registers
 .rodata.IWDG_WINR_fields
                0x0000000008008164       0x10 decoder/STM32F30x_decoder.o
                0x0000000008008164                IWDG_WINR_fields
 .rodata.CAN_F19R2_fields
                0x0000000008008174      0x108 decoder/STM32F30x_decoder.o
                0x0000000008008174                CAN_F19R2_fields
 .rodata.CAN_RF1R_fields
                0x000000000800827c       0x28 decoder/STM32F30x_decoder.o
                0x000000000800827c                CAN_RF1R_fields
 .rodata.RTC_BKP16R_fields
                0x00000000080082a4       0x10 decoder/STM32F30x_decoder.o
                0x00000000080082a4                RTC_BKP16R_fields
 .rodata.RTC_CALR_fields
                0x00000000080082b4       0x28 decoder/STM32F30x_decoder.o
                0x00000000080082b4                RTC_CALR_fields
 .rodata.TIM2_SR_fields
                0x00000000080082dc       0x58 decoder/STM32F30x_decoder.o
                0x00000000080082dc                TIM2_SR_fields
 .rodata.SYSCFG_EXTICR2_fields
                0x0000000008008334       0x28 decoder/STM32F30x_decoder.o
                0x0000000008008334                SYSCFG_EXTICR2_fields
 .rodata.CAN_MCR_fields
                0x000000000800835c       0x58 decoder/STM32F30x_decoder.o
                0x000000000800835c                CAN_MCR_fields
 .rodata.TIM17_SR_fields
                0x00000000080083b4       0x38 decoder/STM32F30x_decoder.o
                0x00000000080083b4                TIM17_SR_fields
 .rodata.USART1_GTPR_fields
                0x00000000080083ec       0x18 decoder/STM32F30x_decoder.o
                0x00000000080083ec                USART1_GTPR_fields
 .rodata.DAC_DOR1_fields
                0x0000000008008404       0x10 decoder/STM32F30x_decoder.o
                0x0000000008008404                DAC_DOR1_fields
 .rodata.CAN_F1R1_fields
                0x0000000008008414      0x108 decoder/STM32F30x_decoder.o
                0x0000000008008414                CAN_F1R1_fields
 .rodata.CAN_FA1R_fields
                0x000000000800851c       0xe8 decoder/STM32F30x_decoder.o
                0x000000000800851c                CAN_FA1R_fields
 .rodata.RTC_BKP6R_fields
                0x0000000008008604       0x10 decoder/STM32F30x_decoder.o
                0x0000000008008604                RTC_BKP6R_fields
 .rodata.RCC_CFGR_fields
                0x0000000008008614       0x68 decoder/STM32F30x_decoder.o
                0x0000000008008614                RCC_CFGR_fields
 .rodata.PWR_CR_fields
                0x000000000800867c       0x40 decoder/STM32F30x_decoder.o
                0x000000000800867c                PWR_CR_fields
 .rodata.NVIC_ISER0_fields
                0x00000000080086bc       0x10 decoder/STM32F30x_decoder.o
                0x00000000080086bc                NVIC_ISER0_fields
 .rodata.DMA1_CPAR7_fields
                0x00000000080086cc       0x10 decoder/STM32F30x_decoder.o
                0x00000000080086cc                DMA1_CPAR7_fields
 .rodata.TSC_IOHCR_fields
                0x00000000080086dc      0x108 decoder/STM32F30x_decoder.o
                0x00000000080086dc                TSC_IOHCR_fields
 .rodata.CAN_F27R1_fields
                0x00000000080087e4      0x108 decoder/STM32F30x_decoder.o
                0x00000000080087e4                CAN_F27R1_fields
 .rodata.TIM6_ARR_fields
                0x00000000080088ec       0x10 decoder/STM32F30x_decoder.o
                0x00000000080088ec                TIM6_ARR_fields
 .rodata.CAN_F12R1_fields
                0x00000000080088fc      0x108 decoder/STM32F30x_decoder.o
                0x00000000080088fc                CAN_F12R1_fields
 .rodata.TIM15_DCR_fields
                0x0000000008008a04       0x18 decoder/STM32F30x_decoder.o
                0x0000000008008a04                TIM15_DCR_fields
 .rodata.NVIC_IPR18_fields
                0x0000000008008a1c       0x28 decoder/STM32F30x_decoder.o
                0x0000000008008a1c                NVIC_IPR18_fields
 .rodata.RTC_BKP13R_fields
                0x0000000008008a44       0x10 decoder/STM32F30x_decoder.o
                0x0000000008008a44                RTC_BKP13R_fields
 .rodata.CAN_BTR_fields
                0x0000000008008a54       0x38 decoder/STM32F30x_decoder.o
                0x0000000008008a54                CAN_BTR_fields
 .rodata.TIM15_BDTR_fields
                0x0000000008008a8c       0x50 decoder/STM32F30x_decoder.o
                0x0000000008008a8c                TIM15_BDTR_fields
 .rodata.NVIC_IPR1_fields
                0x0000000008008adc       0x28 decoder/STM32F30x_decoder.o
                0x0000000008008adc                NVIC_IPR1_fields
 .rodata.TIM15_PSC_fields
                0x0000000008008b04       0x10 decoder/STM32F30x_decoder.o
                0x0000000008008b04                TIM15_PSC_fields
 .rodata.Flash_ACR_fields
                0x0000000008008b14       0x20 decoder/STM32F30x_decoder.o
                0x0000000008008b14                Flash_ACR_fields
 .rodata.TIM17_CCMR1_Output_fields
                0x0000000008008b34       0x30 decoder/STM32F30x_decoder.o
                0x0000000008008b34                TIM17_CCMR1_Output_fields
 .rodata.TIM2_ARR_fields
                0x0000000008008b64       0x18 decoder/STM32F30x_decoder.o
                0x0000000008008b64                TIM2_ARR_fields
 .rodata.Flash_registers
                0x0000000008008b7c       0x6c decoder/STM32F30x_decoder.o
                0x0000000008008b7c                Flash_registers
 .rodata.CAN_TDH0R_fields
                0x0000000008008be8       0x28 decoder/STM32F30x_decoder.o
                0x0000000008008be8                CAN_TDH0R_fields
 .rodata.TIM1_DCR_fields
                0x0000000008008c10       0x18 decoder/STM32F30x_decoder.o
                0x0000000008008c10                TIM1_DCR_fields
 .rodata.CAN_TI2R_fields
                0x0000000008008c28       0x30 decoder/STM32F30x_decoder.o
                0x0000000008008c28                CAN_TI2R_fields
 .rodata.ADC1_IER_fields
                0x0000000008008c58       0x60 decoder/STM32F30x_decoder.o
                0x0000000008008c58                ADC1_IER_fields
 .rodata.NVIC_ICPR2_fields
                0x0000000008008cb8       0x10 decoder/STM32F30x_decoder.o
                0x0000000008008cb8                NVIC_ICPR2_fields
 .rodata.EXTI_IMR1_fields
                0x0000000008008cc8      0x108 decoder/STM32F30x_decoder.o
                0x0000000008008cc8                EXTI_IMR1_fields
 .rodata.TSC_IOASCR_fields
                0x0000000008008dd0      0x108 decoder/STM32F30x_decoder.o
                0x0000000008008dd0                TSC_IOASCR_fields
 .rodata.RCC_CFGR2_fields
                0x0000000008008ed8       0x20 decoder/STM32F30x_decoder.o
                0x0000000008008ed8                RCC_CFGR2_fields
 .rodata.TIM1_PSC_fields
                0x0000000008008ef8       0x10 decoder/STM32F30x_decoder.o
                0x0000000008008ef8                TIM1_PSC_fields
 .rodata.Flash_KEYR_fields
                0x0000000008008f08       0x10 decoder/STM32F30x_decoder.o
                0x0000000008008f08                Flash_KEYR_fields
 .rodata.TIM8_CR2_fields
                0x0000000008008f18       0x80 decoder/STM32F30x_decoder.o
                0x0000000008008f18                TIM8_CR2_fields
 .rodata.ADC1_CFGR_fields
                0x0000000008008f98       0xa0 decoder/STM32F30x_decoder.o
                0x0000000008008f98                ADC1_CFGR_fields
 .rodata.TIM17_EGR_fields
                0x0000000008009038       0x30 decoder/STM32F30x_decoder.o
                0x0000000008009038                TIM17_EGR_fields
 .rodata.TSC_IOGCSR_fields
                0x0000000008009068       0x88 decoder/STM32F30x_decoder.o
                0x0000000008009068                TSC_IOGCSR_fields
 .rodata.NVIC_IPR0_fields
                0x00000000080090f0       0x28 decoder/STM32F30x_decoder.o
                0x00000000080090f0                NVIC_IPR0_fields
 .rodata.NVIC_IPR8_fields
                0x0000000008009118       0x28 decoder/STM32F30x_decoder.o
                0x0000000008009118                NVIC_IPR8_fields
 .rodata.RTC_WUTR_fields
                0x0000000008009140       0x10 decoder/STM32F30x_decoder.o
                0x0000000008009140                RTC_WUTR_fields
 .rodata.GPIOB_OSPEEDR_fields
                0x0000000008009150       0x88 decoder/STM32F30x_decoder.o
                0x0000000008009150                GPIOB_OSPEEDR_fields
 .rodata.ADC1_ISR_fields
                0x00000000080091d8       0x60 decoder/STM32F30x_decoder.o
                0x00000000080091d8                ADC1_ISR_fields
 .rodata.NVIC_ICER1_fields
                0x0000000008009238       0x10 decoder/STM32F30x_decoder.o
                0x0000000008009238                NVIC_ICER1_fields
 .rodata.RTC_BKP7R_fields
                0x0000000008009248       0x10 decoder/STM32F30x_decoder.o
                0x0000000008009248                RTC_BKP7R_fields
 .rodata.CAN_RF0R_fields
                0x0000000008009258       0x28 decoder/STM32F30x_decoder.o
                0x0000000008009258                CAN_RF0R_fields
 .rodata.CAN_FS1R_fields
                0x0000000008009280       0xe8 decoder/STM32F30x_decoder.o
                0x0000000008009280                CAN_FS1R_fields
 .rodata.GPIOA_AFRL_fields
                0x0000000008009368       0x48 decoder/STM32F30x_decoder.o
                0x0000000008009368                GPIOA_AFRL_fields
 .rodata.DMA1_CMAR3_fields
                0x00000000080093b0       0x10 decoder/STM32F30x_decoder.o
                0x00000000080093b0                DMA1_CMAR3_fields
 .rodata.ADC1_SQR1_fields
                0x00000000080093c0       0x30 decoder/STM32F30x_decoder.o
                0x00000000080093c0                ADC1_SQR1_fields
 .rodata.CAN_F15R2_fields
                0x00000000080093f0      0x108 decoder/STM32F30x_decoder.o
                0x00000000080093f0                CAN_F15R2_fields
 .rodata.IWDG_PR_fields
                0x00000000080094f8       0x10 decoder/STM32F30x_decoder.o
                0x00000000080094f8                IWDG_PR_fields
 .rodata.TIM2_DMAR_fields
                0x0000000008009508       0x10 decoder/STM32F30x_decoder.o
                0x0000000008009508                TIM2_DMAR_fields
 .rodata.I2C1_TIMEOUTR_fields
                0x0000000008009518       0x30 decoder/STM32F30x_decoder.o
                0x0000000008009518                I2C1_TIMEOUTR_fields
 .rodata.GPIOB_LCKR_fields
                0x0000000008009548       0x90 decoder/STM32F30x_decoder.o
                0x0000000008009548                GPIOB_LCKR_fields
 .rodata.DAC_DHR8R1_fields
                0x00000000080095d8       0x10 decoder/STM32F30x_decoder.o
                0x00000000080095d8                DAC_DHR8R1_fields
 .rodata.TIM1_CCMR1_Output_fields
                0x00000000080095e8       0x68 decoder/STM32F30x_decoder.o
                0x00000000080095e8                TIM1_CCMR1_Output_fields
 .rodata.TIM1_CCR2_fields
                0x0000000008009650       0x10 decoder/STM32F30x_decoder.o
                0x0000000008009650                TIM1_CCR2_fields
 .rodata.TIM1_OR_fields
                0x0000000008009660       0x18 decoder/STM32F30x_decoder.o
                0x0000000008009660                TIM1_OR_fields
 .rodata.USART1_TDR_fields
                0x0000000008009678       0x10 decoder/STM32F30x_decoder.o
                0x0000000008009678                USART1_TDR_fields
 .rodata.NVIC_STIR_fields
                0x0000000008009688       0x10 decoder/STM32F30x_decoder.o
                0x0000000008009688                NVIC_STIR_fields
 .rodata.USB_FS_USB_EP7R_fields
                0x0000000008009698       0x58 decoder/STM32F30x_decoder.o
                0x0000000008009698                USB_FS_USB_EP7R_fields
 .rodata.ADC1_SQR4_fields
                0x00000000080096f0       0x18 decoder/STM32F30x_decoder.o
                0x00000000080096f0                ADC1_SQR4_fields
 .rodata.SYSCFG_registers
                0x0000000008009708       0x60 decoder/STM32F30x_decoder.o
                0x0000000008009708                SYSCFG_registers
 .rodata.PWR_CSR_fields
                0x0000000008009768       0x30 decoder/STM32F30x_decoder.o
                0x0000000008009768                PWR_CSR_fields
 .rodata.GPIOB_AFRH_fields
                0x0000000008009798       0x48 decoder/STM32F30x_decoder.o
                0x0000000008009798                GPIOB_AFRH_fields
 .rodata.FPU_FPCCR_fields
                0x00000000080097e0       0x50 decoder/STM32F30x_decoder.o
                0x00000000080097e0                FPU_FPCCR_fields
 .rodata.DBGMCU_APB2FZ_fields
                0x0000000008009830       0x28 decoder/STM32F30x_decoder.o
                0x0000000008009830                DBGMCU_APB2FZ_fields
 .rodata.TIM8_CCR1_fields
                0x0000000008009858       0x10 decoder/STM32F30x_decoder.o
                0x0000000008009858                TIM8_CCR1_fields
 .rodata.WWDG_SR_fields
                0x0000000008009868       0x10 decoder/STM32F30x_decoder.o
                0x0000000008009868                WWDG_SR_fields
 .rodata.TIM16_DIER_fields
                0x0000000008009878       0x50 decoder/STM32F30x_decoder.o
                0x0000000008009878                TIM16_DIER_fields
 .rodata.TIM1_CCR5_fields
                0x00000000080098c8       0x28 decoder/STM32F30x_decoder.o
                0x00000000080098c8                TIM1_CCR5_fields
 .rodata.TIM8_BDTR_fields
                0x00000000080098f0       0x68 decoder/STM32F30x_decoder.o
                0x00000000080098f0                TIM8_BDTR_fields
 .rodata.Flash_CR_fields
                0x0000000008009958       0x60 decoder/STM32F30x_decoder.o
                0x0000000008009958                Flash_CR_fields
 .rodata.RTC_BKP26R_fields
                0x00000000080099b8       0x10 decoder/STM32F30x_decoder.o
                0x00000000080099b8                RTC_BKP26R_fields
 .rodata.Flash_OBR_fields
                0x00000000080099c8       0x60 decoder/STM32F30x_decoder.o
                0x00000000080099c8                Flash_OBR_fields
 .rodata.ADC1_AWD2CR_fields
                0x0000000008009a28       0x10 decoder/STM32F30x_decoder.o
                0x0000000008009a28                ADC1_AWD2CR_fields
 .rodata.FPU_registers
                0x0000000008009a38       0x54 decoder/STM32F30x_decoder.o
                0x0000000008009a38                FPU_registers
 .rodata.DAC_CR_fields
                0x0000000008009a8c       0x88 decoder/STM32F30x_decoder.o
                0x0000000008009a8c                DAC_CR_fields
 .rodata.NVIC_IPR10_fields
                0x0000000008009b14       0x28 decoder/STM32F30x_decoder.o
                0x0000000008009b14                NVIC_IPR10_fields
 .rodata.TIM15_CCR1_fields
                0x0000000008009b3c       0x10 decoder/STM32F30x_decoder.o
                0x0000000008009b3c                TIM15_CCR1_fields
 .rodata.RTC_ALRMAR_fields
                0x0000000008009b4c       0x78 decoder/STM32F30x_decoder.o
                0x0000000008009b4c                RTC_ALRMAR_fields
 .rodata.GPIOA_BSRR_fields
                0x0000000008009bc4      0x108 decoder/STM32F30x_decoder.o
                0x0000000008009bc4                GPIOA_BSRR_fields
 .rodata.TIM16_SR_fields
                0x0000000008009ccc       0x38 decoder/STM32F30x_decoder.o
                0x0000000008009ccc                TIM16_SR_fields
 .rodata.CAN_F6R1_fields
                0x0000000008009d04      0x108 decoder/STM32F30x_decoder.o
                0x0000000008009d04                CAN_F6R1_fields
 .rodata.ADC1_OFR1_fields
                0x0000000008009e0c       0x20 decoder/STM32F30x_decoder.o
                0x0000000008009e0c                ADC1_OFR1_fields
 .rodata.TIM15_CR1_fields
                0x0000000008009e2c       0x40 decoder/STM32F30x_decoder.o
                0x0000000008009e2c                TIM15_CR1_fields
 .rodata.NVIC_IABR2_fields
                0x0000000008009e6c       0x10 decoder/STM32F30x_decoder.o
                0x0000000008009e6c                NVIC_IABR2_fields
 .rodata.DMA1_CCR2_fields
                0x0000000008009e7c       0x68 decoder/STM32F30x_decoder.o
                0x0000000008009e7c                DMA1_CCR2_fields
 .rodata.NVIC_IPR13_fields
                0x0000000008009ee4       0x28 decoder/STM32F30x_decoder.o
                0x0000000008009ee4                NVIC_IPR13_fields
 .rodata.CAN_F22R2_fields
                0x0000000008009f0c      0x108 decoder/STM32F30x_decoder.o
                0x0000000008009f0c                CAN_F22R2_fields
 .rodata.CAN_F0R2_fields
                0x000000000800a014      0x108 decoder/STM32F30x_decoder.o
                0x000000000800a014                CAN_F0R2_fields
 .rodata.RTC_BKP0R_fields
                0x000000000800a11c       0x10 decoder/STM32F30x_decoder.o
                0x000000000800a11c                RTC_BKP0R_fields
 .rodata.CAN_F19R1_fields
                0x000000000800a12c      0x108 decoder/STM32F30x_decoder.o
                0x000000000800a12c                CAN_F19R1_fields
 .rodata.DMA1_IFCR_fields
                0x000000000800a234       0xe8 decoder/STM32F30x_decoder.o
                0x000000000800a234                DMA1_IFCR_fields
 .rodata.TIM16_CCMR1_Input_fields
                0x000000000800a31c       0x20 decoder/STM32F30x_decoder.o
                0x000000000800a31c                TIM16_CCMR1_Input_fields
 .rodata.TIM2_SMCR_fields
                0x000000000800a33c       0x50 decoder/STM32F30x_decoder.o
                0x000000000800a33c                TIM2_SMCR_fields
 .rodata.CAN_TDT1R_fields
                0x000000000800a38c       0x20 decoder/STM32F30x_decoder.o
                0x000000000800a38c                CAN_TDT1R_fields
 .rodata.COMP_COMP6_CSR_fields
                0x000000000800a3ac       0x60 decoder/STM32F30x_decoder.o
                0x000000000800a3ac                COMP_COMP6_CSR_fields
 .rodata.I2C1_CR2_fields
                0x000000000800a40c       0x70 decoder/STM32F30x_decoder.o
                0x000000000800a40c                I2C1_CR2_fields
 .rodata.TIM1_CR1_fields
                0x000000000800a47c       0x50 decoder/STM32F30x_decoder.o
                0x000000000800a47c                TIM1_CR1_fields
 .rodata.CAN_F26R2_fields
                0x000000000800a4cc      0x108 decoder/STM32F30x_decoder.o
                0x000000000800a4cc                CAN_F26R2_fields
 .rodata.RTC_BKP10R_fields
                0x000000000800a5d4       0x10 decoder/STM32F30x_decoder.o
                0x000000000800a5d4                RTC_BKP10R_fields
 .rodata.DMA1_CMAR6_fields
                0x000000000800a5e4       0x10 decoder/STM32F30x_decoder.o
                0x000000000800a5e4                DMA1_CMAR6_fields
 .rodata.CAN_F23R1_fields
                0x000000000800a5f4      0x108 decoder/STM32F30x_decoder.o
                0x000000000800a5f4                CAN_F23R1_fields
 .rodata.NVIC_IPR20_fields
                0x000000000800a6fc       0x28 decoder/STM32F30x_decoder.o
                0x000000000800a6fc                NVIC_IPR20_fields
 .rodata.ADC1_DR_fields
                0x000000000800a724       0x10 decoder/STM32F30x_decoder.o
                0x000000000800a724                ADC1_DR_fields
 .rodata.CAN_F16R1_fields
                0x000000000800a734      0x108 decoder/STM32F30x_decoder.o
                0x000000000800a734                CAN_F16R1_fields
 .rodata.TSC_registers
                0x000000000800a83c       0xd8 decoder/STM32F30x_decoder.o
                0x000000000800a83c                TSC_registers
 .rodata.ADC1_registers
                0x000000000800a914      0x150 decoder/STM32F30x_decoder.o
                0x000000000800a914                ADC1_registers
 .rodata.TIM17_CR2_fields
                0x000000000800aa64       0x30 decoder/STM32F30x_decoder.o
                0x000000000800aa64                TIM17_CR2_fields
 .rodata.PWR_registers
                0x000000000800aa94       0x24 decoder/STM32F30x_decoder.o
                0x000000000800aa94                PWR_registers
 .rodata.TIM8_ARR_fields
                0x000000000800aab8       0x10 decoder/STM32F30x_decoder.o
                0x000000000800aab8                TIM8_ARR_fields
 .rodata.EXTI_RTSR1_fields
                0x000000000800aac8       0xd8 decoder/STM32F30x_decoder.o
                0x000000000800aac8                EXTI_RTSR1_fields
 .rodata.RCC_APB2ENR_fields
                0x000000000800aba0       0x48 decoder/STM32F30x_decoder.o
                0x000000000800aba0                RCC_APB2ENR_fields
 .rodata.NVIC_IPR3_fields
                0x000000000800abe8       0x28 decoder/STM32F30x_decoder.o
                0x000000000800abe8                NVIC_IPR3_fields
 .rodata.I2C1_TIMINGR_fields
                0x000000000800ac10       0x30 decoder/STM32F30x_decoder.o
                0x000000000800ac10                I2C1_TIMINGR_fields
 .rodata.USART1_CR1_fields
                0x000000000800ac40       0xa8 decoder/STM32F30x_decoder.o
                0x000000000800ac40                USART1_CR1_fields
 .rodata.CAN_F13R1_fields
                0x000000000800ace8      0x108 decoder/STM32F30x_decoder.o
                0x000000000800ace8                CAN_F13R1_fields
 .rodata.RCC_CSR_fields
                0x000000000800adf0       0x58 decoder/STM32F30x_decoder.o
                0x000000000800adf0                RCC_CSR_fields
 .rodata.GPIOB_BSRR_fields
                0x000000000800ae48      0x108 decoder/STM32F30x_decoder.o
                0x000000000800ae48                GPIOB_BSRR_fields
 .rodata.DES_UID0_fields
                0x000000000800af50       0x18 decoder/STM32F30x_decoder.o
                0x000000000800af50                DES_UID0_fields
 .rodata.NVIC_IABR0_fields
                0x000000000800af68       0x10 decoder/STM32F30x_decoder.o
                0x000000000800af68                NVIC_IABR0_fields
 .rodata.TIM2_EGR_fields
                0x000000000800af78       0x38 decoder/STM32F30x_decoder.o
                0x000000000800af78                TIM2_EGR_fields
 .rodata.USART1_CR3_fields
                0x000000000800afb0       0xa0 decoder/STM32F30x_decoder.o
                0x000000000800afb0                USART1_CR3_fields
 .rodata.TIM2_DIER_fields
                0x000000000800b050       0x68 decoder/STM32F30x_decoder.o
                0x000000000800b050                TIM2_DIER_fields
 .rodata.CAN_MSR_fields
                0x000000000800b0b8       0x50 decoder/STM32F30x_decoder.o
                0x000000000800b0b8                CAN_MSR_fields
 .rodata.DAC_DHR12L1_fields
                0x000000000800b108       0x10 decoder/STM32F30x_decoder.o
                0x000000000800b108                DAC_DHR12L1_fields
 .rodata.FPU_MVFR0_fields
                0x000000000800b118       0x48 decoder/STM32F30x_decoder.o
                0x000000000800b118                FPU_MVFR0_fields
 .rodata.SPI1_CR1_fields
                0x000000000800b160       0x78 decoder/STM32F30x_decoder.o
                0x000000000800b160                SPI1_CR1_fields
 .rodata.EXTI_registers
                0x000000000800b1d8       0x9c decoder/STM32F30x_decoder.o
                0x000000000800b1d8                EXTI_registers
 .rodata.USB_FS_DADDR_fields
                0x000000000800b274       0x48 decoder/STM32F30x_decoder.o
                0x000000000800b274                USB_FS_DADDR_fields
 .rodata.RTC_BKP8R_fields
                0x000000000800b2bc       0x10 decoder/STM32F30x_decoder.o
                0x000000000800b2bc                RTC_BKP8R_fields
 .rodata.CAN_F2R1_fields
                0x000000000800b2cc      0x108 decoder/STM32F30x_decoder.o
                0x000000000800b2cc                CAN_F2R1_fields
 .rodata.TIM8_CCR4_fields
                0x000000000800b3d4       0x10 decoder/STM32F30x_decoder.o
                0x000000000800b3d4                TIM8_CCR4_fields
 .rodata.USB_FS_USB_EP4R_fields
                0x000000000800b3e4       0x58 decoder/STM32F30x_decoder.o
                0x000000000800b3e4                USB_FS_USB_EP4R_fields
 .rodata.TIM8_CNT_fields
                0x000000000800b43c       0x18 decoder/STM32F30x_decoder.o
                0x000000000800b43c                TIM8_CNT_fields
 .rodata.RTC_PRER_fields
                0x000000000800b454       0x18 decoder/STM32F30x_decoder.o
                0x000000000800b454                RTC_PRER_fields
 .rodata.TIM1_SR_fields
                0x000000000800b46c       0x80 decoder/STM32F30x_decoder.o
                0x000000000800b46c                TIM1_SR_fields
 .rodata.DMA1_CPAR2_fields
                0x000000000800b4ec       0x10 decoder/STM32F30x_decoder.o
                0x000000000800b4ec                DMA1_CPAR2_fields
 .rodata.NVIC_IPR15_fields
                0x000000000800b4fc       0x28 decoder/STM32F30x_decoder.o
                0x000000000800b4fc                NVIC_IPR15_fields
 .rodata.TSC_CR_fields
                0x000000000800b524       0x68 decoder/STM32F30x_decoder.o
                0x000000000800b524                TSC_CR_fields
 .rodata.SPI1_SR_fields
                0x000000000800b58c       0x60 decoder/STM32F30x_decoder.o
                0x000000000800b58c                SPI1_SR_fields
 .rodata.ADC1_JDR3_fields
                0x000000000800b5ec       0x10 decoder/STM32F30x_decoder.o
                0x000000000800b5ec                ADC1_JDR3_fields
 .rodata.NVIC_ICTR_fields
                0x000000000800b5fc       0x10 decoder/STM32F30x_decoder.o
                0x000000000800b5fc                NVIC_ICTR_fields
 .rodata.RTC_BKP30R_fields
                0x000000000800b60c       0x10 decoder/STM32F30x_decoder.o
                0x000000000800b60c                RTC_BKP30R_fields
 .rodata.RTC_BKP23R_fields
                0x000000000800b61c       0x10 decoder/STM32F30x_decoder.o
                0x000000000800b61c                RTC_BKP23R_fields
 .rodata.I2C1_OAR2_fields
                0x000000000800b62c       0x20 decoder/STM32F30x_decoder.o
                0x000000000800b62c                I2C1_OAR2_fields
 .rodata.DMA1_CNDTR3_fields
                0x000000000800b64c       0x10 decoder/STM32F30x_decoder.o
                0x000000000800b64c                DMA1_CNDTR3_fields
 .rodata.RTC_registers
                0x000000000800b65c      0x264 decoder/STM32F30x_decoder.o
                0x000000000800b65c                RTC_registers
 .rodata.CAN_F2R2_fields
                0x000000000800b8c0      0x108 decoder/STM32F30x_decoder.o
                0x000000000800b8c0                CAN_F2R2_fields
 .rodata.NVIC_ISPR2_fields
                0x000000000800b9c8       0x10 decoder/STM32F30x_decoder.o
                0x000000000800b9c8                NVIC_ISPR2_fields
 .rodata.DMA1_CPAR5_fields
                0x000000000800b9d8       0x10 decoder/STM32F30x_decoder.o
                0x000000000800b9d8                DMA1_CPAR5_fields
 .rodata.TIM2_CCR4_fields
                0x000000000800b9e8       0x18 decoder/STM32F30x_decoder.o
                0x000000000800b9e8                TIM2_CCR4_fields
 .rodata.GPIOB_IDR_fields
                0x000000000800ba00       0x88 decoder/STM32F30x_decoder.o
                0x000000000800ba00                GPIOB_IDR_fields
 .rodata.ADC1_OFR4_fields
                0x000000000800ba88       0x20 decoder/STM32F30x_decoder.o
                0x000000000800ba88                ADC1_OFR4_fields
 .rodata.CAN_RI1R_fields
                0x000000000800baa8       0x28 decoder/STM32F30x_decoder.o
                0x000000000800baa8                CAN_RI1R_fields
 .rodata.CAN_F18R1_fields
                0x000000000800bad0      0x108 decoder/STM32F30x_decoder.o
                0x000000000800bad0                CAN_F18R1_fields
 .rodata.TSC_IOG5CR_fields
                0x000000000800bbd8       0x10 decoder/STM32F30x_decoder.o
                0x000000000800bbd8                TSC_IOG5CR_fields
 .rodata.DAC_DOR2_fields
                0x000000000800bbe8       0x10 decoder/STM32F30x_decoder.o
                0x000000000800bbe8                DAC_DOR2_fields
 .rodata.DMA1_CCR5_fields
                0x000000000800bbf8       0x68 decoder/STM32F30x_decoder.o
                0x000000000800bbf8                DMA1_CCR5_fields
 .rodata.DMA1_CNDTR6_fields
                0x000000000800bc60       0x10 decoder/STM32F30x_decoder.o
                0x000000000800bc60                DMA1_CNDTR6_fields
 .rodata.EXTI_SWIER2_fields
                0x000000000800bc70       0x18 decoder/STM32F30x_decoder.o
                0x000000000800bc70                EXTI_SWIER2_fields
 .rodata.CAN_RDH0R_fields
                0x000000000800bc88       0x28 decoder/STM32F30x_decoder.o
                0x000000000800bc88                CAN_RDH0R_fields
 .rodata.TIM6_PSC_fields
                0x000000000800bcb0       0x10 decoder/STM32F30x_decoder.o
                0x000000000800bcb0                TIM6_PSC_fields
 .rodata.CAN_TSR_fields
                0x000000000800bcc0       0xb8 decoder/STM32F30x_decoder.o
                0x000000000800bcc0                CAN_TSR_fields
 .rodata.CAN_TDL0R_fields
                0x000000000800bd78       0x28 decoder/STM32F30x_decoder.o
                0x000000000800bd78                CAN_TDL0R_fields
 .rodata.CAN_F5R2_fields
                0x000000000800bda0      0x108 decoder/STM32F30x_decoder.o
                0x000000000800bda0                CAN_F5R2_fields
 .rodata.TSC_IOG1CR_fields
                0x000000000800bea8       0x10 decoder/STM32F30x_decoder.o
                0x000000000800bea8                TSC_IOG1CR_fields
 .rodata.CAN_F11R1_fields
                0x000000000800beb8      0x108 decoder/STM32F30x_decoder.o
                0x000000000800beb8                CAN_F11R1_fields
 .rodata.TIM6_CR2_fields
                0x000000000800bfc0       0x10 decoder/STM32F30x_decoder.o
                0x000000000800bfc0                TIM6_CR2_fields
 .rodata.CAN_F25R1_fields
                0x000000000800bfd0      0x108 decoder/STM32F30x_decoder.o
                0x000000000800bfd0                CAN_F25R1_fields
 .rodata.CAN_RDL0R_fields
                0x000000000800c0d8       0x28 decoder/STM32F30x_decoder.o
                0x000000000800c0d8                CAN_RDL0R_fields
 .rodata.USART1_registers
                0x000000000800c100       0x90 decoder/STM32F30x_decoder.o
                0x000000000800c100                USART1_registers
 .rodata.DAC_SWTRIGR_fields
                0x000000000800c190       0x18 decoder/STM32F30x_decoder.o
                0x000000000800c190                DAC_SWTRIGR_fields
 .rodata.CAN_F12R2_fields
                0x000000000800c1a8      0x108 decoder/STM32F30x_decoder.o
                0x000000000800c1a8                CAN_F12R2_fields
 .rodata.RTC_BKP4R_fields
                0x000000000800c2b0       0x10 decoder/STM32F30x_decoder.o
                0x000000000800c2b0                RTC_BKP4R_fields
 .rodata.RTC_TAFCR_fields
                0x000000000800c2c0       0x98 decoder/STM32F30x_decoder.o
                0x000000000800c2c0                RTC_TAFCR_fields
 .rodata.TIM17_ARR_fields
                0x000000000800c358       0x10 decoder/STM32F30x_decoder.o
                0x000000000800c358                TIM17_ARR_fields
 .rodata.CAN_F16R2_fields
                0x000000000800c368      0x108 decoder/STM32F30x_decoder.o
                0x000000000800c368                CAN_F16R2_fields
 .rodata.USART1_ICR_fields
                0x000000000800c470       0x68 decoder/STM32F30x_decoder.o
                0x000000000800c470                USART1_ICR_fields
 .rodata.NVIC_IPR6_fields
                0x000000000800c4d8       0x28 decoder/STM32F30x_decoder.o
                0x000000000800c4d8                NVIC_IPR6_fields
 .rodata.TIM15_CCMR1_Input_fields
                0x000000000800c500       0x38 decoder/STM32F30x_decoder.o
                0x000000000800c500                TIM15_CCMR1_Input_fields
 .rodata.DAC_DHR12R2_fields
                0x000000000800c538       0x10 decoder/STM32F30x_decoder.o
                0x000000000800c538                DAC_DHR12R2_fields
 .rodata.RCC_AHBENR_fields